Archive member included to satisfy reference by file (symbol)

./mbed/TARGET_NUCLEO_F401RE/TOOLCHAIN_GCC_ARM/libmbed.a(serial_api.o)
                              mbed/TARGET_NUCLEO_F401RE/TOOLCHAIN_GCC_ARM/retarget.o (serial_init)
./mbed/TARGET_NUCLEO_F401RE/TOOLCHAIN_GCC_ARM/libmbed.a(FilePath.o)
                              mbed/TARGET_NUCLEO_F401RE/TOOLCHAIN_GCC_ARM/retarget.o (mbed::FilePath::FilePath(char const*))
./mbed/TARGET_NUCLEO_F401RE/TOOLCHAIN_GCC_ARM/libmbed.a(FileSystemLike.o)
                              mbed/TARGET_NUCLEO_F401RE/TOOLCHAIN_GCC_ARM/retarget.o (mbed::FileSystemLike::opendir())
./mbed/TARGET_NUCLEO_F401RE/TOOLCHAIN_GCC_ARM/libmbed.a(I2C.o)
                              GY80/GY80.o (mbed::I2C::I2C(PinName, PinName))
./mbed/TARGET_NUCLEO_F401RE/TOOLCHAIN_GCC_ARM/libmbed.a(Serial.o)
                              main.o (mbed::Serial::Serial(PinName, PinName, char const*))
./mbed/TARGET_NUCLEO_F401RE/TOOLCHAIN_GCC_ARM/libmbed.a(SerialBase.o)
                              ./mbed/TARGET_NUCLEO_F401RE/TOOLCHAIN_GCC_ARM/libmbed.a(Serial.o) (mbed::SerialBase::SerialBase(PinName, PinName))
./mbed/TARGET_NUCLEO_F401RE/TOOLCHAIN_GCC_ARM/libmbed.a(Ticker.o)
                              main.o (mbed::Ticker::detach())
./mbed/TARGET_NUCLEO_F401RE/TOOLCHAIN_GCC_ARM/libmbed.a(Stream.o)
                              ./mbed/TARGET_NUCLEO_F401RE/TOOLCHAIN_GCC_ARM/libmbed.a(Serial.o) (mbed::Stream::close())
./mbed/TARGET_NUCLEO_F401RE/TOOLCHAIN_GCC_ARM/libmbed.a(assert.o)
                              mbed/TARGET_NUCLEO_F401RE/TOOLCHAIN_GCC_ARM/board.o (mbed_assert_internal)
./mbed/TARGET_NUCLEO_F401RE/TOOLCHAIN_GCC_ARM/libmbed.a(TimerEvent.o)
                              main.o (mbed::TimerEvent::TimerEvent())
./mbed/TARGET_NUCLEO_F401RE/TOOLCHAIN_GCC_ARM/libmbed.a(error.o)
                              mbed/TARGET_NUCLEO_F401RE/TOOLCHAIN_GCC_ARM/retarget.o (error)
./mbed/TARGET_NUCLEO_F401RE/TOOLCHAIN_GCC_ARM/libmbed.a(gpio.o)
                              main.o (gpio_init_in)
./mbed/TARGET_NUCLEO_F401RE/TOOLCHAIN_GCC_ARM/libmbed.a(pinmap_common.o)
                              ./mbed/TARGET_NUCLEO_F401RE/TOOLCHAIN_GCC_ARM/libmbed.a(serial_api.o) (pinmap_pinout)
./mbed/TARGET_NUCLEO_F401RE/TOOLCHAIN_GCC_ARM/libmbed.a(ticker_api.o)
                              ./mbed/TARGET_NUCLEO_F401RE/TOOLCHAIN_GCC_ARM/libmbed.a(TimerEvent.o) (ticker_set_handler)
./mbed/TARGET_NUCLEO_F401RE/TOOLCHAIN_GCC_ARM/libmbed.a(us_ticker_api.o)
                              ./mbed/TARGET_NUCLEO_F401RE/TOOLCHAIN_GCC_ARM/libmbed.a(TimerEvent.o) (get_us_ticker_data)
./mbed/TARGET_NUCLEO_F401RE/TOOLCHAIN_GCC_ARM/libmbed.a(wait_api.o)
                              ./mbed/TARGET_NUCLEO_F401RE/TOOLCHAIN_GCC_ARM/libmbed.a(SerialBase.o) (wait_us)
./mbed/TARGET_NUCLEO_F401RE/TOOLCHAIN_GCC_ARM/libmbed.a(PeripheralPins.o)
                              ./mbed/TARGET_NUCLEO_F401RE/TOOLCHAIN_GCC_ARM/libmbed.a(serial_api.o) (PinMap_UART_RX)
./mbed/TARGET_NUCLEO_F401RE/TOOLCHAIN_GCC_ARM/libmbed.a(gpio_api.o)
                              ./mbed/TARGET_NUCLEO_F401RE/TOOLCHAIN_GCC_ARM/libmbed.a(gpio.o) (gpio_init)
./mbed/TARGET_NUCLEO_F401RE/TOOLCHAIN_GCC_ARM/libmbed.a(pinmap.o)
                              ./mbed/TARGET_NUCLEO_F401RE/TOOLCHAIN_GCC_ARM/libmbed.a(gpio_api.o) (Set_GPIO_Clock)
./mbed/TARGET_NUCLEO_F401RE/TOOLCHAIN_GCC_ARM/libmbed.a(i2c_api.o)
                              ./mbed/TARGET_NUCLEO_F401RE/TOOLCHAIN_GCC_ARM/libmbed.a(I2C.o) (i2c_frequency)
./mbed/TARGET_NUCLEO_F401RE/TOOLCHAIN_GCC_ARM/libmbed.a(us_ticker.o)
                              ./mbed/TARGET_NUCLEO_F401RE/TOOLCHAIN_GCC_ARM/libmbed.a(us_ticker_api.o) (us_ticker_init)
./mbed/TARGET_NUCLEO_F401RE/TOOLCHAIN_GCC_ARM/libmbed.a(FileBase.o)
                              ./mbed/TARGET_NUCLEO_F401RE/TOOLCHAIN_GCC_ARM/libmbed.a(FileSystemLike.o) (mbed::FileBase::~FileBase())
./mbed/TARGET_NUCLEO_F401RE/TOOLCHAIN_GCC_ARM/libmbed.a(FileLike.o)
                              ./mbed/TARGET_NUCLEO_F401RE/TOOLCHAIN_GCC_ARM/libmbed.a(Stream.o) (mbed::FileLike::FileLike(char const*))
/usr/lib/gcc/arm-none-eabi/5.3.0/../../../../arm-none-eabi/lib/armv7e-m/softfp/libstdc++_nano.a(atexit_arm.o)
                              main.o (__aeabi_atexit)
/usr/lib/gcc/arm-none-eabi/5.3.0/../../../../arm-none-eabi/lib/armv7e-m/softfp/libstdc++_nano.a(new_op.o)
                              ./mbed/TARGET_NUCLEO_F401RE/TOOLCHAIN_GCC_ARM/libmbed.a(FileSystemLike.o) (operator new(unsigned int))
/usr/lib/gcc/arm-none-eabi/5.3.0/../../../../arm-none-eabi/lib/armv7e-m/softfp/libstdc++_nano.a(del_op.o)
                              main.o (operator delete(void*))
/usr/lib/gcc/arm-none-eabi/5.3.0/../../../../arm-none-eabi/lib/armv7e-m/softfp/libstdc++_nano.a(new_handler.o)
                              /usr/lib/gcc/arm-none-eabi/5.3.0/../../../../arm-none-eabi/lib/armv7e-m/softfp/libstdc++_nano.a(new_op.o) (std::get_new_handler())
[...]
Memory Configuration

Name             Origin             Length             Attributes
FLASH            0x0000000008000000 0x0000000000080000 xr
RAM              0x0000000020000194 0x0000000000017e6c xrw
*default*        0x0000000000000000 0xffffffffffffffff

Linker script and memory map

LOAD /usr/lib/gcc/arm-none-eabi/5.3.0/armv7e-m/softfp/crti.o
LOAD /usr/lib/gcc/arm-none-eabi/5.3.0/armv7e-m/softfp/crtbegin.o
LOAD /usr/lib/gcc/arm-none-eabi/5.3.0/../../../../arm-none-eabi/lib/armv7e-m/softfp/crt0.o
LOAD main.o
LOAD GY80/GY80.o
LOAD StepperMotor/Stepper.o
LOAD KalmanFilter/KalmanFilter.o
LOAD mbed/TARGET_NUCLEO_F401RE/TOOLCHAIN_GCC_ARM/stm32f4xx_hal_flash_ramfunc.o
LOAD mbed/TARGET_NUCLEO_F401RE/TOOLCHAIN_GCC_ARM/board.o
LOAD mbed/TARGET_NUCLEO_F401RE/TOOLCHAIN_GCC_ARM/cmsis_nvic.o
LOAD mbed/TARGET_NUCLEO_F401RE/TOOLCHAIN_GCC_ARM/hal_tick.o
LOAD mbed/TARGET_NUCLEO_F401RE/TOOLCHAIN_GCC_ARM/mbed_overrides.o
LOAD mbed/TARGET_NUCLEO_F401RE/TOOLCHAIN_GCC_ARM/retarget.o
LOAD mbed/TARGET_NUCLEO_F401RE/TOOLCHAIN_GCC_ARM/startup_stm32f401xe.o
LOAD mbed/TARGET_NUCLEO_F401RE/TOOLCHAIN_GCC_ARM/stm32f4xx_hal.o
LOAD mbed/TARGET_NUCLEO_F401RE/TOOLCHAIN_GCC_ARM/stm32f4xx_hal_adc.o
LOAD mbed/TARGET_NUCLEO_F401RE/TOOLCHAIN_GCC_ARM/stm32f4xx_hal_adc_ex.o
LOAD mbed/TARGET_NUCLEO_F401RE/TOOLCHAIN_GCC_ARM/stm32f4xx_hal_can.o
LOAD mbed/TARGET_NUCLEO_F401RE/TOOLCHAIN_GCC_ARM/stm32f4xx_hal_cec.o
LOAD mbed/TARGET_NUCLEO_F401RE/TOOLCHAIN_GCC_ARM/stm32f4xx_hal_cortex.o
LOAD mbed/TARGET_NUCLEO_F401RE/TOOLCHAIN_GCC_ARM/stm32f4xx_hal_crc.o
LOAD mbed/TARGET_NUCLEO_F401RE/TOOLCHAIN_GCC_ARM/stm32f4xx_hal_cryp.o
LOAD mbed/TARGET_NUCLEO_F401RE/TOOLCHAIN_GCC_ARM/stm32f4xx_hal_cryp_ex.o
LOAD mbed/TARGET_NUCLEO_F401RE/TOOLCHAIN_GCC_ARM/stm32f4xx_hal_dac.o
LOAD mbed/TARGET_NUCLEO_F401RE/TOOLCHAIN_GCC_ARM/stm32f4xx_hal_dac_ex.o
LOAD mbed/TARGET_NUCLEO_F401RE/TOOLCHAIN_GCC_ARM/stm32f4xx_hal_dcmi.o
LOAD mbed/TARGET_NUCLEO_F401RE/TOOLCHAIN_GCC_ARM/stm32f4xx_hal_dcmi_ex.o
LOAD mbed/TARGET_NUCLEO_F401RE/TOOLCHAIN_GCC_ARM/stm32f4xx_hal_dma.o
LOAD mbed/TARGET_NUCLEO_F401RE/TOOLCHAIN_GCC_ARM/stm32f4xx_hal_dma2d.o
LOAD mbed/TARGET_NUCLEO_F401RE/TOOLCHAIN_GCC_ARM/stm32f4xx_hal_dma_ex.o
LOAD mbed/TARGET_NUCLEO_F401RE/TOOLCHAIN_GCC_ARM/stm32f4xx_hal_dsi.o
LOAD mbed/TARGET_NUCLEO_F401RE/TOOLCHAIN_GCC_ARM/stm32f4xx_hal_eth.o
LOAD mbed/TARGET_NUCLEO_F401RE/TOOLCHAIN_GCC_ARM/stm32f4xx_hal_flash.o
LOAD mbed/TARGET_NUCLEO_F401RE/TOOLCHAIN_GCC_ARM/stm32f4xx_hal_flash_ex.o
LOAD mbed/TARGET_NUCLEO_F401RE/TOOLCHAIN_GCC_ARM/stm32f4xx_hal_fmpi2c_ex.o
LOAD mbed/TARGET_NUCLEO_F401RE/TOOLCHAIN_GCC_ARM/stm32f4xx_hal_fmpi2c.o
LOAD mbed/TARGET_NUCLEO_F401RE/TOOLCHAIN_GCC_ARM/stm32f4xx_hal_msp_template.o
LOAD mbed/TARGET_NUCLEO_F401RE/TOOLCHAIN_GCC_ARM/stm32f4xx_hal_gpio.o
LOAD mbed/TARGET_NUCLEO_F401RE/TOOLCHAIN_GCC_ARM/stm32f4xx_hal_hash.o
LOAD mbed/TARGET_NUCLEO_F401RE/TOOLCHAIN_GCC_ARM/stm32f4xx_hal_hash_ex.o
LOAD mbed/TARGET_NUCLEO_F401RE/TOOLCHAIN_GCC_ARM/stm32f4xx_hal_hcd.o
LOAD mbed/TARGET_NUCLEO_F401RE/TOOLCHAIN_GCC_ARM/stm32f4xx_hal_i2c.o
LOAD mbed/TARGET_NUCLEO_F401RE/TOOLCHAIN_GCC_ARM/stm32f4xx_hal_i2c_ex.o
LOAD mbed/TARGET_NUCLEO_F401RE/TOOLCHAIN_GCC_ARM/stm32f4xx_hal_i2s.o
LOAD mbed/TARGET_NUCLEO_F401RE/TOOLCHAIN_GCC_ARM/stm32f4xx_hal_i2s_ex.o
LOAD mbed/TARGET_NUCLEO_F401RE/TOOLCHAIN_GCC_ARM/stm32f4xx_hal_irda.o
LOAD mbed/TARGET_NUCLEO_F401RE/TOOLCHAIN_GCC_ARM/stm32f4xx_hal_iwdg.o
LOAD mbed/TARGET_NUCLEO_F401RE/TOOLCHAIN_GCC_ARM/stm32f4xx_hal_lptim.o
LOAD mbed/TARGET_NUCLEO_F401RE/TOOLCHAIN_GCC_ARM/stm32f4xx_hal_ltdc.o
LOAD mbed/TARGET_NUCLEO_F401RE/TOOLCHAIN_GCC_ARM/stm32f4xx_hal_ltdc_ex.o
LOAD mbed/TARGET_NUCLEO_F401RE/TOOLCHAIN_GCC_ARM/stm32f4xx_hal_smartcard.o
LOAD mbed/TARGET_NUCLEO_F401RE/TOOLCHAIN_GCC_ARM/stm32f4xx_hal_nand.o
LOAD mbed/TARGET_NUCLEO_F401RE/TOOLCHAIN_GCC_ARM/stm32f4xx_hal_nor.o
LOAD mbed/TARGET_NUCLEO_F401RE/TOOLCHAIN_GCC_ARM/stm32f4xx_hal_pccard.o
LOAD mbed/TARGET_NUCLEO_F401RE/TOOLCHAIN_GCC_ARM/stm32f4xx_hal_pcd.o
LOAD mbed/TARGET_NUCLEO_F401RE/TOOLCHAIN_GCC_ARM/stm32f4xx_hal_pcd_ex.o
LOAD mbed/TARGET_NUCLEO_F401RE/TOOLCHAIN_GCC_ARM/stm32f4xx_hal_pwr.o
LOAD mbed/TARGET_NUCLEO_F401RE/TOOLCHAIN_GCC_ARM/stm32f4xx_hal_pwr_ex.o
LOAD mbed/TARGET_NUCLEO_F401RE/TOOLCHAIN_GCC_ARM/stm32f4xx_hal_qspi.o
LOAD mbed/TARGET_NUCLEO_F401RE/TOOLCHAIN_GCC_ARM/stm32f4xx_hal_rcc.o
LOAD mbed/TARGET_NUCLEO_F401RE/TOOLCHAIN_GCC_ARM/stm32f4xx_hal_rcc_ex.o
LOAD mbed/TARGET_NUCLEO_F401RE/TOOLCHAIN_GCC_ARM/stm32f4xx_hal_rng.o
LOAD mbed/TARGET_NUCLEO_F401RE/TOOLCHAIN_GCC_ARM/stm32f4xx_hal_rtc.o
LOAD mbed/TARGET_NUCLEO_F401RE/TOOLCHAIN_GCC_ARM/stm32f4xx_hal_rtc_ex.o
LOAD mbed/TARGET_NUCLEO_F401RE/TOOLCHAIN_GCC_ARM/stm32f4xx_hal_sai.o
LOAD mbed/TARGET_NUCLEO_F401RE/TOOLCHAIN_GCC_ARM/stm32f4xx_hal_sai_ex.o
LOAD mbed/TARGET_NUCLEO_F401RE/TOOLCHAIN_GCC_ARM/stm32f4xx_hal_sd.o
LOAD mbed/TARGET_NUCLEO_F401RE/TOOLCHAIN_GCC_ARM/stm32f4xx_hal_sdram.o
LOAD mbed/TARGET_NUCLEO_F401RE/TOOLCHAIN_GCC_ARM/stm32f4xx_hal_spdifrx.o
LOAD mbed/TARGET_NUCLEO_F401RE/TOOLCHAIN_GCC_ARM/stm32f4xx_hal_spi.o
LOAD mbed/TARGET_NUCLEO_F401RE/TOOLCHAIN_GCC_ARM/stm32f4xx_hal_sram.o
LOAD mbed/TARGET_NUCLEO_F401RE/TOOLCHAIN_GCC_ARM/stm32f4xx_hal_tim.o
LOAD mbed/TARGET_NUCLEO_F401RE/TOOLCHAIN_GCC_ARM/stm32f4xx_hal_tim_ex.o
LOAD mbed/TARGET_NUCLEO_F401RE/TOOLCHAIN_GCC_ARM/stm32f4xx_hal_uart.o
LOAD mbed/TARGET_NUCLEO_F401RE/TOOLCHAIN_GCC_ARM/stm32f4xx_hal_usart.o
LOAD mbed/TARGET_NUCLEO_F401RE/TOOLCHAIN_GCC_ARM/stm32f4xx_hal_wwdg.o
LOAD mbed/TARGET_NUCLEO_F401RE/TOOLCHAIN_GCC_ARM/stm32f4xx_ll_fmc.o
LOAD mbed/TARGET_NUCLEO_F401RE/TOOLCHAIN_GCC_ARM/stm32f4xx_ll_fsmc.o
LOAD mbed/TARGET_NUCLEO_F401RE/TOOLCHAIN_GCC_ARM/stm32f4xx_ll_sdmmc.o
LOAD mbed/TARGET_NUCLEO_F401RE/TOOLCHAIN_GCC_ARM/stm32f4xx_ll_usb.o
LOAD mbed/TARGET_NUCLEO_F401RE/TOOLCHAIN_GCC_ARM/system_stm32f4xx.o
LOAD ./mbed/TARGET_NUCLEO_F401RE/TOOLCHAIN_GCC_ARM/libmbed.a
LOAD /usr/lib/gcc/arm-none-eabi/5.3.0/../../../../arm-none-eabi/lib/armv7e-m/softfp/libstdc++_nano.a
LOAD /usr/lib/gcc/arm-none-eabi/5.3.0/../../../../arm-none-eabi/lib/armv7e-m/softfp/libsupc++_nano.a
LOAD /usr/lib/gcc/arm-none-eabi/5.3.0/../../../../arm-none-eabi/lib/armv7e-m/softfp/libm.a
LOAD /usr/lib/gcc/arm-none-eabi/5.3.0/../../../../arm-none-eabi/lib/armv7e-m/softfp/libc_nano.a
LOAD /usr/lib/gcc/arm-none-eabi/5.3.0/armv7e-m/softfp/libgcc.a
LOAD /usr/lib/gcc/arm-none-eabi/5.3.0/../../../../arm-none-eabi/lib/armv7e-m/softfp/libnosys.a
LOAD ./mbed/TARGET_NUCLEO_F401RE/TOOLCHAIN_GCC_ARM/libmbed.a
LOAD /usr/lib/gcc/arm-none-eabi/5.3.0/../../../../arm-none-eabi/lib/armv7e-m/softfp/libstdc++_nano.a
LOAD /usr/lib/gcc/arm-none-eabi/5.3.0/../../../../arm-none-eabi/lib/armv7e-m/softfp/libsupc++_nano.a
LOAD /usr/lib/gcc/arm-none-eabi/5.3.0/../../../../arm-none-eabi/lib/armv7e-m/softfp/libm.a
LOAD /usr/lib/gcc/arm-none-eabi/5.3.0/../../../../arm-none-eabi/lib/armv7e-m/softfp/libc_nano.a
LOAD /usr/lib/gcc/arm-none-eabi/5.3.0/armv7e-m/softfp/libgcc.a
LOAD /usr/lib/gcc/arm-none-eabi/5.3.0/../../../../arm-none-eabi/lib/armv7e-m/softfp/libnosys.a
START GROUP
LOAD /usr/lib/gcc/arm-none-eabi/5.3.0/armv7e-m/softfp/libgcc.a
LOAD /usr/lib/gcc/arm-none-eabi/5.3.0/../../../../arm-none-eabi/lib/armv7e-m/softfp/libc_nano.a
END GROUP
START GROUP
LOAD /usr/lib/gcc/arm-none-eabi/5.3.0/armv7e-m/softfp/libgcc.a
LOAD /usr/lib/gcc/arm-none-eabi/5.3.0/../../../../arm-none-eabi/lib/armv7e-m/softfp/libc_nano.a
END GROUP
LOAD /usr/lib/gcc/arm-none-eabi/5.3.0/armv7e-m/softfp/crtend.o
LOAD /usr/lib/gcc/arm-none-eabi/5.3.0/armv7e-m/softfp/crtn.o

.text           0x0000000008000000     0x9a28
 *(.isr_vector)
 .isr_vector    0x0000000008000000      0x194 mbed/TARGET_NUCLEO_F401RE/TOOLCHAIN_GCC_ARM/startup_stm32f401xe.o
                0x0000000008000000                g_pfnVectors
 *(.text*)
 .text.__do_global_dtors_aux
                0x0000000008000194       0x28 /usr/lib/gcc/arm-none-eabi/5.3.0/armv7e-m/softfp/crtbegin.o
 .text.frame_dummy
                0x00000000080001bc       0x34 /usr/lib/gcc/arm-none-eabi/5.3.0/armv7e-m/softfp/crtbegin.o
 .text          0x00000000080001f0       0x68 /usr/lib/gcc/arm-none-eabi/5.3.0/../../../../arm-none-eabi/lib/armv7e-m/softfp/crt0.o
                0x00000000080001f0                _mainCRTStartup
                0x00000000080001f0                _start
 .text._ZN4mbed10SerialBaseD2Ev
                0x0000000008000258        0x2 main.o
                0x0000000008000258                mbed::SerialBase::~SerialBase()
                0x0000000008000258                mbed::SerialBase::~SerialBase()
 *fill*         0x000000000800025a        0x6 
 .text._Z8Read_IMUv
                0x0000000008000260       0x98 main.o
                0x0000000008000260                Read_IMU()
 .text._ZN4mbed10SerialBaseD0Ev
                0x00000000080002f8        0xc main.o
                0x00000000080002f8                mbed::SerialBase::~SerialBase()
 .text._ZN4mbed6TickerD2Ev
                0x0000000008000304       0x1c main.o
                0x0000000008000304                mbed::Ticker::~Ticker()
                0x0000000008000304                mbed::Ticker::~Ticker()
 .text._ZN7stepperD2Ev
                0x0000000008000320        0xe main.o
                0x0000000008000320                stepper::~stepper()
                0x0000000008000320                stepper::~stepper()
 *fill*         0x000000000800032e        0x2 
 .text._ZN4mbed6SerialD2Ev
                0x0000000008000330       0x2c main.o
                0x0000000008000330                mbed::Serial::~Serial()
                0x0000000008000330                mbed::Serial::~Serial()
                0x0000000008000350                non-virtual thunk to mbed::Serial::~Serial()
                0x0000000008000356                non-virtual thunk to mbed::Serial::~Serial()
 .text._ZN4mbed6TickerD0Ev
                0x000000000800035c       0x12 main.o
                0x000000000800035c                mbed::Ticker::~Ticker()
 *fill*         0x000000000800036e        0x2 
 .text.startup.main
                0x0000000008000370       0xac main.o
                0x0000000008000370                main
 .text._ZN4mbed6SerialD0Ev
                0x000000000800041c       0x1e main.o
                0x000000000800041c                mbed::Serial::~Serial()
                0x000000000800042e                non-virtual thunk to mbed::Serial::~Serial()
                0x0000000008000434                non-virtual thunk to mbed::Serial::~Serial()
 *fill*         0x000000000800043a        0x2 
 .text.startup._GLOBAL__sub_I_pc
                0x000000000800043c       0xe8 main.o
 .text._ZN4GY80D2Ev
                0x0000000008000524        0x2 GY80/GY80.o
                0x0000000008000524                GY80::~GY80()
                0x0000000008000524                GY80::~GY80()
 .text._ZN4GY8010Accel_InitEv
                0x0000000008000526       0x66 GY80/GY80.o
                0x0000000008000526                GY80::Accel_Init()
 .text._ZN4GY809Gyro_InitEv
                0x000000000800058c       0x5e GY80/GY80.o
                0x000000000800058c                GY80::Gyro_Init()
 .text._ZN4GY809Magn_InitEv
                0x00000000080005ea       0x44 GY80/GY80.o
                0x00000000080005ea                GY80::Magn_Init()
 *fill*         0x000000000800062e        0x2 
 .text._ZN4GY80C2Ev
                0x0000000008000630       0x30 GY80/GY80.o
                0x0000000008000630                GY80::GY80()
                0x0000000008000630                GY80::GY80()
 .text._ZN4GY8010Read_AccelEPf
                0x0000000008000660       0xc4 GY80/GY80.o
                0x0000000008000660                GY80::Read_Accel(float*)
 *fill*         0x0000000008000724        0x4 
 .text._ZN4GY809Read_GyroEPf
                0x0000000008000728      0x108 GY80/GY80.o
                0x0000000008000728                GY80::Read_Gyro(float*)
 .text.startup._GLOBAL__sub_I_pc2
                0x0000000008000830       0x2c GY80/GY80.o
 .text._ZN4mbed19FunctionPointerArg1IvvE12membercallerI7stepperEEvPvPj
                0x000000000800085c       0x18 StepperMotor/Stepper.o
                0x000000000800085c                void mbed::FunctionPointerArg1<void, void>::membercaller<stepper>(void*, unsigned int*)
 .text._ZN7stepper11toggle_stepEv
                0x0000000008000874       0x12 StepperMotor/Stepper.o
                0x0000000008000874                stepper::toggle_step()
 .text._ZN4mbed10DigitalOutC2E7PinName
                0x0000000008000886       0x1a StepperMotor/Stepper.o
                0x0000000008000886                mbed::DigitalOut::DigitalOut(PinName)
                0x0000000008000886                mbed::DigitalOut::DigitalOut(PinName)
 .text._ZN7stepperC2E7PinNameS0_S0_
                0x00000000080008a0       0x3c StepperMotor/Stepper.o
                0x00000000080008a0                stepper::stepper(PinName, PinName, PinName)
                0x00000000080008a0                stepper::stepper(PinName, PinName, PinName)
 .text._ZN7stepper4stepEf
                0x00000000080008dc       0x68 StepperMotor/Stepper.o
                0x00000000080008dc                stepper::step(float)
 .text._ZN7stepper6enableEv
                0x0000000008000944        0xa StepperMotor/Stepper.o
                0x0000000008000944                stepper::enable()
 *fill*         0x000000000800094e        0x2 
 .text._ZN12KalmanFilterC2Ev
                0x0000000008000950       0x24 KalmanFilter/KalmanFilter.o
                0x0000000008000950                KalmanFilter::KalmanFilter()
                0x0000000008000950                KalmanFilter::KalmanFilter()
 .text._ZN12KalmanFilter13EstimateAngleEfff
                0x0000000008000974       0xb6 KalmanFilter/KalmanFilter.o
                0x0000000008000974                KalmanFilter::EstimateAngle(float, float, float)
 .text._ZN12KalmanFilter17getEstimatedAngleEv
                0x0000000008000a2a        0x4 KalmanFilter/KalmanFilter.o
                0x0000000008000a2a                KalmanFilter::getEstimatedAngle()
 *fill*         0x0000000008000a2e        0x2 
 .text.mbed_die
                0x0000000008000a30       0x5c mbed/TARGET_NUCLEO_F401RE/TOOLCHAIN_GCC_ARM/board.o
                0x0000000008000a30                mbed_die
 .text.NVIC_SetVector
                0x0000000008000a8c       0x48 mbed/TARGET_NUCLEO_F401RE/TOOLCHAIN_GCC_ARM/cmsis_nvic.o
                0x0000000008000a8c                NVIC_SetVector
 .text.timer_irq_handler
                0x0000000008000ad4       0x50 mbed/TARGET_NUCLEO_F401RE/TOOLCHAIN_GCC_ARM/hal_tick.o
                0x0000000008000ad4                timer_irq_handler
 .text.HAL_InitTick
                0x0000000008000b24       0xb4 mbed/TARGET_NUCLEO_F401RE/TOOLCHAIN_GCC_ARM/hal_tick.o
                0x0000000008000b24                HAL_InitTick
 .text.mbed_sdk_init
                0x0000000008000bd8       0x10 mbed/TARGET_NUCLEO_F401RE/TOOLCHAIN_GCC_ARM/mbed_overrides.o
                0x0000000008000bd8                mbed_sdk_init
 .text._ZN4mbed10FileHandle4flenEv
                0x0000000008000be8       0x34 mbed/TARGET_NUCLEO_F401RE/TOOLCHAIN_GCC_ARM/retarget.o
                0x0000000008000be8                mbed::FileHandle::flen()
 .text._ZL11init_serialv.part.0
                0x0000000008000c1c       0x10 mbed/TARGET_NUCLEO_F401RE/TOOLCHAIN_GCC_ARM/retarget.o
 .text._ZN4mbed10FileHandleD2Ev
                0x0000000008000c2c       0x2c mbed/TARGET_NUCLEO_F401RE/TOOLCHAIN_GCC_ARM/retarget.o
                0x0000000008000c2c                mbed::FileHandle::~FileHandle()
                0x0000000008000c2c                mbed::FileHandle::~FileHandle()
 .text._open    0x0000000008000c58       0xf8 mbed/TARGET_NUCLEO_F401RE/TOOLCHAIN_GCC_ARM/retarget.o
                0x0000000008000c58                _open
 .text._close   0x0000000008000d50       0x28 mbed/TARGET_NUCLEO_F401RE/TOOLCHAIN_GCC_ARM/retarget.o
                0x0000000008000d50                _close
 .text._write   0x0000000008000d78       0x4c mbed/TARGET_NUCLEO_F401RE/TOOLCHAIN_GCC_ARM/retarget.o
                0x0000000008000d78                _write
 .text._read    0x0000000008000dc4       0x44 mbed/TARGET_NUCLEO_F401RE/TOOLCHAIN_GCC_ARM/retarget.o
                0x0000000008000dc4                _read
 .text._isatty  0x0000000008000e08       0x24 mbed/TARGET_NUCLEO_F401RE/TOOLCHAIN_GCC_ARM/retarget.o
                0x0000000008000e08                _isatty
 .text._lseek   0x0000000008000e2c       0x24 mbed/TARGET_NUCLEO_F401RE/TOOLCHAIN_GCC_ARM/retarget.o
                0x0000000008000e2c                _lseek
 .text._fstat   0x0000000008000e50       0x20 mbed/TARGET_NUCLEO_F401RE/TOOLCHAIN_GCC_ARM/retarget.o
                0x0000000008000e50                _fstat
 .text.__cxa_pure_virtual
                0x0000000008000e70        0x8 mbed/TARGET_NUCLEO_F401RE/TOOLCHAIN_GCC_ARM/retarget.o
                0x0000000008000e70                __cxa_pure_virtual
 .text.mbed_main
                0x0000000008000e78        0x4 mbed/TARGET_NUCLEO_F401RE/TOOLCHAIN_GCC_ARM/retarget.o
                0x0000000008000e78                mbed_main
 .text.__wrap_main
                0x0000000008000e7c       0x14 mbed/TARGET_NUCLEO_F401RE/TOOLCHAIN_GCC_ARM/retarget.o
                0x0000000008000e7c                __wrap_main
 .text._sbrk    0x0000000008000e90       0x28 mbed/TARGET_NUCLEO_F401RE/TOOLCHAIN_GCC_ARM/retarget.o
                0x0000000008000e90                _sbrk
 .text._exit    0x0000000008000eb8       0x24 mbed/TARGET_NUCLEO_F401RE/TOOLCHAIN_GCC_ARM/retarget.o
                0x0000000008000eb8                _exit
 .text._ZN4mbed26mbed_set_unbuffered_streamEP7__sFILE
                0x0000000008000edc        0x8 mbed/TARGET_NUCLEO_F401RE/TOOLCHAIN_GCC_ARM/retarget.o
                0x0000000008000edc                mbed::mbed_set_unbuffered_stream(__sFILE*)
 .text.Reset_Handler
                0x0000000008000ee4       0x4c mbed/TARGET_NUCLEO_F401RE/TOOLCHAIN_GCC_ARM/startup_stm32f401xe.o
                0x0000000008000ee4                Reset_Handler
 .text.Default_Handler
                0x0000000008000f30        0x2 mbed/TARGET_NUCLEO_F401RE/TOOLCHAIN_GCC_ARM/startup_stm32f401xe.o
                0x0000000008000f30                RTC_Alarm_IRQHandler
                0x0000000008000f30                EXTI2_IRQHandler
                0x0000000008000f30                DebugMon_Handler
                0x0000000008000f30                SPI4_IRQHandler
                0x0000000008000f30                TIM1_CC_IRQHandler
                0x0000000008000f30                DMA2_Stream5_IRQHandler
                0x0000000008000f30                HardFault_Handler
                0x0000000008000f30                DMA1_Stream5_IRQHandler
                0x0000000008000f30                SysTick_Handler
                0x0000000008000f30                PVD_IRQHandler
                0x0000000008000f30                SDIO_IRQHandler
                0x0000000008000f30                TAMP_STAMP_IRQHandler
                0x0000000008000f30                PendSV_Handler
                0x0000000008000f30                NMI_Handler
                0x0000000008000f30                EXTI3_IRQHandler
                0x0000000008000f30                TIM1_UP_TIM10_IRQHandler
                0x0000000008000f30                I2C3_ER_IRQHandler
                0x0000000008000f30                EXTI0_IRQHandler
                0x0000000008000f30                I2C2_EV_IRQHandler
                0x0000000008000f30                DMA1_Stream2_IRQHandler
                0x0000000008000f30                FPU_IRQHandler
                0x0000000008000f30                UsageFault_Handler
                0x0000000008000f30                DMA2_Stream2_IRQHandler
                0x0000000008000f30                SPI1_IRQHandler
                0x0000000008000f30                TIM1_BRK_TIM9_IRQHandler
                0x0000000008000f30                DMA2_Stream3_IRQHandler
                0x0000000008000f30                USART6_IRQHandler
                0x0000000008000f30                DMA2_Stream0_IRQHandler
                0x0000000008000f30                TIM4_IRQHandler
                0x0000000008000f30                I2C1_EV_IRQHandler
                0x0000000008000f30                DMA1_Stream6_IRQHandler
                0x0000000008000f30                DMA1_Stream1_IRQHandler
                0x0000000008000f30                TIM3_IRQHandler
                0x0000000008000f30                RCC_IRQHandler
                0x0000000008000f30                Default_Handler
                0x0000000008000f30                EXTI15_10_IRQHandler
                0x0000000008000f30                ADC_IRQHandler
                0x0000000008000f30                DMA1_Stream7_IRQHandler
                0x0000000008000f30                TIM5_IRQHandler
                0x0000000008000f30                DMA2_Stream7_IRQHandler
                0x0000000008000f30                I2C3_EV_IRQHandler
                0x0000000008000f30                EXTI9_5_IRQHandler
                0x0000000008000f30                RTC_WKUP_IRQHandler
                0x0000000008000f30                SPI2_IRQHandler
                0x0000000008000f30                MemManage_Handler
                0x0000000008000f30                DMA1_Stream0_IRQHandler
                0x0000000008000f30                SVC_Handler
                0x0000000008000f30                EXTI4_IRQHandler
                0x0000000008000f30                WWDG_IRQHandler
                0x0000000008000f30                TIM2_IRQHandler
                0x0000000008000f30                OTG_FS_WKUP_IRQHandler
                0x0000000008000f30                TIM1_TRG_COM_TIM11_IRQHandler
                0x0000000008000f30                EXTI1_IRQHandler
                0x0000000008000f30                USART2_IRQHandler
                0x0000000008000f30                I2C2_ER_IRQHandler
                0x0000000008000f30                DMA2_Stream1_IRQHandler
                0x0000000008000f30                FLASH_IRQHandler
                0x0000000008000f30                DMA2_Stream4_IRQHandler
                0x0000000008000f30                BusFault_Handler
                0x0000000008000f30                USART1_IRQHandler
                0x0000000008000f30                OTG_FS_IRQHandler
                0x0000000008000f30                SPI3_IRQHandler
                0x0000000008000f30                DMA1_Stream4_IRQHandler
                0x0000000008000f30                I2C1_ER_IRQHandler
                0x0000000008000f30                DMA2_Stream6_IRQHandler
                0x0000000008000f30                DMA1_Stream3_IRQHandler
 *fill*         0x0000000008000f32        0x2 
 .text.HAL_Init
                0x0000000008000f34       0x34 mbed/TARGET_NUCLEO_F401RE/TOOLCHAIN_GCC_ARM/stm32f4xx_hal.o
                0x0000000008000f34                HAL_Init
 .text.HAL_IncTick
                0x0000000008000f68       0x10 mbed/TARGET_NUCLEO_F401RE/TOOLCHAIN_GCC_ARM/stm32f4xx_hal.o
                0x0000000008000f68                HAL_IncTick
 .text.HAL_GetTick
                0x0000000008000f78        0xc mbed/TARGET_NUCLEO_F401RE/TOOLCHAIN_GCC_ARM/stm32f4xx_hal.o
                0x0000000008000f78                HAL_GetTick
 .text.HAL_NVIC_SetPriorityGrouping
                0x0000000008000f84       0x24 mbed/TARGET_NUCLEO_F401RE/TOOLCHAIN_GCC_ARM/stm32f4xx_hal_cortex.o
                0x0000000008000f84                HAL_NVIC_SetPriorityGrouping
 .text.HAL_MspInit
                0x0000000008000fa8        0x4 mbed/TARGET_NUCLEO_F401RE/TOOLCHAIN_GCC_ARM/stm32f4xx_hal_msp_template.o
                0x0000000008000fa8                HAL_MspInit
 .text.HAL_GPIO_Init
                0x0000000008000fac      0x1dc mbed/TARGET_NUCLEO_F401RE/TOOLCHAIN_GCC_ARM/stm32f4xx_hal_gpio.o
                0x0000000008000fac                HAL_GPIO_Init
 .text.HAL_I2C_MspInit
                0x0000000008001188        0x4 mbed/TARGET_NUCLEO_F401RE/TOOLCHAIN_GCC_ARM/stm32f4xx_hal_i2c.o
                0x0000000008001188                HAL_I2C_MspInit
 .text.HAL_I2C_Init
                0x000000000800118c       0xe8 mbed/TARGET_NUCLEO_F401RE/TOOLCHAIN_GCC_ARM/stm32f4xx_hal_i2c.o
                0x000000000800118c                HAL_I2C_Init
 .text.HAL_RCC_OscConfig
                0x0000000008001274      0x34c mbed/TARGET_NUCLEO_F401RE/TOOLCHAIN_GCC_ARM/stm32f4xx_hal_rcc.o
                0x0000000008001274                HAL_RCC_OscConfig
 .text.HAL_RCC_ClockConfig
                0x00000000080015c0      0x1fc mbed/TARGET_NUCLEO_F401RE/TOOLCHAIN_GCC_ARM/stm32f4xx_hal_rcc.o
                0x00000000080015c0                HAL_RCC_ClockConfig
 .text.HAL_RCC_GetSysClockFreq
                0x00000000080017bc       0x80 mbed/TARGET_NUCLEO_F401RE/TOOLCHAIN_GCC_ARM/stm32f4xx_hal_rcc.o
                0x00000000080017bc                HAL_RCC_GetSysClockFreq
 .text.HAL_RCC_GetHCLKFreq
                0x000000000800183c       0x34 mbed/TARGET_NUCLEO_F401RE/TOOLCHAIN_GCC_ARM/stm32f4xx_hal_rcc.o
                0x000000000800183c                HAL_RCC_GetHCLKFreq
 .text.HAL_RCC_GetPCLK1Freq
                0x0000000008001870       0x2c mbed/TARGET_NUCLEO_F401RE/TOOLCHAIN_GCC_ARM/stm32f4xx_hal_rcc.o
                0x0000000008001870                HAL_RCC_GetPCLK1Freq
 .text.HAL_RCC_GetPCLK2Freq
                0x000000000800189c       0x2c mbed/TARGET_NUCLEO_F401RE/TOOLCHAIN_GCC_ARM/stm32f4xx_hal_rcc.o
                0x000000000800189c                HAL_RCC_GetPCLK2Freq
 .text.HAL_TIM_OC_MspInit
                0x00000000080018c8        0x4 mbed/TARGET_NUCLEO_F401RE/TOOLCHAIN_GCC_ARM/stm32f4xx_hal_tim.o
                0x00000000080018c8                HAL_TIM_OC_MspInit
 .text.HAL_TIM_OC_Start
                0x00000000080018cc       0x3c mbed/TARGET_NUCLEO_F401RE/TOOLCHAIN_GCC_ARM/stm32f4xx_hal_tim.o
                0x00000000080018cc                HAL_TIM_OC_Start
 .text.TIM_Base_SetConfig
                0x0000000008001908       0xa0 mbed/TARGET_NUCLEO_F401RE/TOOLCHAIN_GCC_ARM/stm32f4xx_hal_tim.o
                0x0000000008001908                TIM_Base_SetConfig
 .text.HAL_TIM_OC_Init
                0x00000000080019a8       0x38 mbed/TARGET_NUCLEO_F401RE/TOOLCHAIN_GCC_ARM/stm32f4xx_hal_tim.o
                0x00000000080019a8                HAL_TIM_OC_Init
 .text.UART_SetConfig
                0x00000000080019e0      0x194 mbed/TARGET_NUCLEO_F401RE/TOOLCHAIN_GCC_ARM/stm32f4xx_hal_uart.o
 .text.HAL_UART_MspInit
                0x0000000008001b74        0x4 mbed/TARGET_NUCLEO_F401RE/TOOLCHAIN_GCC_ARM/stm32f4xx_hal_uart.o
                0x0000000008001b74                HAL_UART_MspInit
 .text.HAL_UART_Init
                0x0000000008001b78       0x5c mbed/TARGET_NUCLEO_F401RE/TOOLCHAIN_GCC_ARM/stm32f4xx_hal_uart.o
                0x0000000008001b78                HAL_UART_Init
 .text.SystemCoreClockUpdate
                0x0000000008001bd4       0x78 mbed/TARGET_NUCLEO_F401RE/TOOLCHAIN_GCC_ARM/system_stm32f4xx.o
                0x0000000008001bd4                SystemCoreClockUpdate
 .text.SetSysClock_PLL_HSE
                0x0000000008001c4c       0x90 mbed/TARGET_NUCLEO_F401RE/TOOLCHAIN_GCC_ARM/system_stm32f4xx.o
                0x0000000008001c4c                SetSysClock_PLL_HSE
 .text.SetSysClock_PLL_HSI
                0x0000000008001cdc       0x98 mbed/TARGET_NUCLEO_F401RE/TOOLCHAIN_GCC_ARM/system_stm32f4xx.o
                0x0000000008001cdc                SetSysClock_PLL_HSI
 .text.SetSysClock
                0x0000000008001d74       0x20 mbed/TARGET_NUCLEO_F401RE/TOOLCHAIN_GCC_ARM/system_stm32f4xx.o
                0x0000000008001d74                SetSysClock
 .text.SystemInit
                0x0000000008001d94       0x74 mbed/TARGET_NUCLEO_F401RE/TOOLCHAIN_GCC_ARM/system_stm32f4xx.o
                0x0000000008001d94                SystemInit
 .text.init_uart
                0x0000000008001e08       0x58 ./mbed/TARGET_NUCLEO_F401RE/TOOLCHAIN_GCC_ARM/libmbed.a(serial_api.o)
 .text.serial_init
                0x0000000008001e60      0x120 ./mbed/TARGET_NUCLEO_F401RE/TOOLCHAIN_GCC_ARM/libmbed.a(serial_api.o)
                0x0000000008001e60                serial_init
 .text.serial_irq_handler
                0x0000000008001f80       0x1c ./mbed/TARGET_NUCLEO_F401RE/TOOLCHAIN_GCC_ARM/libmbed.a(serial_api.o)
                0x0000000008001f80                serial_irq_handler
 .text.serial_getc
                0x0000000008001f9c       0x18 ./mbed/TARGET_NUCLEO_F401RE/TOOLCHAIN_GCC_ARM/libmbed.a(serial_api.o)
                0x0000000008001f9c                serial_getc
 .text.serial_putc
                0x0000000008001fb4       0x18 ./mbed/TARGET_NUCLEO_F401RE/TOOLCHAIN_GCC_ARM/libmbed.a(serial_api.o)
                0x0000000008001fb4                serial_putc
 .text._ZN4mbed8FilePathC2EPKc
                0x0000000008001fcc       0x54 ./mbed/TARGET_NUCLEO_F401RE/TOOLCHAIN_GCC_ARM/libmbed.a(FilePath.o)
                0x0000000008001fcc                mbed::FilePath::FilePath(char const*)
                0x0000000008001fcc                mbed::FilePath::FilePath(char const*)
 .text._ZN4mbed8FilePath8fileNameEv
                0x0000000008002020        0x4 ./mbed/TARGET_NUCLEO_F401RE/TOOLCHAIN_GCC_ARM/libmbed.a(FilePath.o)
                0x0000000008002020                mbed::FilePath::fileName()
 .text._ZN4mbed8FilePath10fileSystemEv
                0x0000000008002024       0x20 ./mbed/TARGET_NUCLEO_F401RE/TOOLCHAIN_GCC_ARM/libmbed.a(FilePath.o)
                0x0000000008002024                mbed::FilePath::fileSystem()
 .text._ZN4mbed8FilePath6isFileEv
                0x0000000008002044       0x14 ./mbed/TARGET_NUCLEO_F401RE/TOOLCHAIN_GCC_ARM/libmbed.a(FilePath.o)
                0x0000000008002044                mbed::FilePath::isFile()
 .text._ZN4mbed8FilePath4fileEv
                0x0000000008002058       0x20 ./mbed/TARGET_NUCLEO_F401RE/TOOLCHAIN_GCC_ARM/libmbed.a(FilePath.o)
                0x0000000008002058                mbed::FilePath::file()
 .text._ZN4mbed8FilePath6existsEv
                0x0000000008002078        0xc ./mbed/TARGET_NUCLEO_F401RE/TOOLCHAIN_GCC_ARM/libmbed.a(FilePath.o)
                0x0000000008002078                mbed::FilePath::exists()
 .text._ZN4mbed3I2CC2E7PinNameS1_
                0x0000000008002084       0x24 ./mbed/TARGET_NUCLEO_F401RE/TOOLCHAIN_GCC_ARM/libmbed.a(I2C.o)
                0x0000000008002084                mbed::I2C::I2C(PinName, PinName)
                0x0000000008002084                mbed::I2C::I2C(PinName, PinName)
 .text._ZN4mbed3I2C9frequencyEi
                0x00000000080020a8       0x14 ./mbed/TARGET_NUCLEO_F401RE/TOOLCHAIN_GCC_ARM/libmbed.a(I2C.o)
                0x00000000080020a8                mbed::I2C::frequency(int)
 .text._ZN4mbed3I2C6aquireEv
                0x00000000080020bc       0x1c ./mbed/TARGET_NUCLEO_F401RE/TOOLCHAIN_GCC_ARM/libmbed.a(I2C.o)
                0x00000000080020bc                mbed::I2C::aquire()
 .text._ZN4mbed3I2C5writeEiPKcib
                0x00000000080020d8       0x34 ./mbed/TARGET_NUCLEO_F401RE/TOOLCHAIN_GCC_ARM/libmbed.a(I2C.o)
                0x00000000080020d8                mbed::I2C::write(int, char const*, int, bool)
 .text._ZN4mbed3I2C4readEiPcib
                0x000000000800210c       0x34 ./mbed/TARGET_NUCLEO_F401RE/TOOLCHAIN_GCC_ARM/libmbed.a(I2C.o)
                0x000000000800210c                mbed::I2C::read(int, char*, int, bool)
 .text._ZN4mbed6Serial5_getcEv
                0x0000000008002140        0x4 ./mbed/TARGET_NUCLEO_F401RE/TOOLCHAIN_GCC_ARM/libmbed.a(Serial.o)
                0x0000000008002140                mbed::Serial::_getc()
 .text._ZThn84_N4mbed6Serial5_getcEv
                0x0000000008002144        0x8 ./mbed/TARGET_NUCLEO_F401RE/TOOLCHAIN_GCC_ARM/libmbed.a(Serial.o)
                0x0000000008002144                non-virtual thunk to mbed::Serial::_getc()
 .text._ZN4mbed6Serial5_putcEi
                0x000000000800214c        0x4 ./mbed/TARGET_NUCLEO_F401RE/TOOLCHAIN_GCC_ARM/libmbed.a(Serial.o)
                0x000000000800214c                mbed::Serial::_putc(int)
 .text._ZThn84_N4mbed6Serial5_putcEi
                0x0000000008002150        0x8 ./mbed/TARGET_NUCLEO_F401RE/TOOLCHAIN_GCC_ARM/libmbed.a(Serial.o)
                0x0000000008002150                non-virtual thunk to mbed::Serial::_putc(int)
 .text._ZN4mbed6SerialC2E7PinNameS1_PKc
                0x0000000008002158       0x30 ./mbed/TARGET_NUCLEO_F401RE/TOOLCHAIN_GCC_ARM/libmbed.a(Serial.o)
                0x0000000008002158                mbed::Serial::Serial(PinName, PinName, char const*)
                0x0000000008002158                mbed::Serial::Serial(PinName, PinName, char const*)
 .text._ZN4mbed10SerialBase12_irq_handlerEm9SerialIrq
                0x0000000008002188       0x20 ./mbed/TARGET_NUCLEO_F401RE/TOOLCHAIN_GCC_ARM/libmbed.a(SerialBase.o)
                0x0000000008002188                mbed::SerialBase::_irq_handler(unsigned long, SerialIrq)
 .text._ZN4mbed10SerialBaseC2E7PinNameS1_
                0x00000000080021a8       0x48 ./mbed/TARGET_NUCLEO_F401RE/TOOLCHAIN_GCC_ARM/libmbed.a(SerialBase.o)
                0x00000000080021a8                mbed::SerialBase::SerialBase(PinName, PinName)
                0x00000000080021a8                mbed::SerialBase::SerialBase(PinName, PinName)
 .text._ZN4mbed10SerialBase10_base_getcEv
                0x00000000080021f0        0x8 ./mbed/TARGET_NUCLEO_F401RE/TOOLCHAIN_GCC_ARM/libmbed.a(SerialBase.o)
                0x00000000080021f0                mbed::SerialBase::_base_getc()
 .text._ZN4mbed10SerialBase10_base_putcEi
                0x00000000080021f8       0x10 ./mbed/TARGET_NUCLEO_F401RE/TOOLCHAIN_GCC_ARM/libmbed.a(SerialBase.o)
                0x00000000080021f8                mbed::SerialBase::_base_putc(int)
 .text._ZN4mbed6Ticker7handlerEv
                0x0000000008002208       0x30 ./mbed/TARGET_NUCLEO_F401RE/TOOLCHAIN_GCC_ARM/libmbed.a(Ticker.o)
                0x0000000008002208                mbed::Ticker::handler()
 .text._ZN4mbed6Ticker6detachEv
                0x0000000008002238       0x10 ./mbed/TARGET_NUCLEO_F401RE/TOOLCHAIN_GCC_ARM/libmbed.a(Ticker.o)
                0x0000000008002238                mbed::Ticker::detach()
 .text._ZN4mbed6Ticker5setupEm
                0x0000000008002248       0x20 ./mbed/TARGET_NUCLEO_F401RE/TOOLCHAIN_GCC_ARM/libmbed.a(Ticker.o)
                0x0000000008002248                mbed::Ticker::setup(unsigned long)
 .text._ZN4mbed6Stream5closeEv
                0x0000000008002268        0x4 ./mbed/TARGET_NUCLEO_F401RE/TOOLCHAIN_GCC_ARM/libmbed.a(Stream.o)
                0x0000000008002268                mbed::Stream::close()
 .text._ZN4mbed6Stream5writeEPKvj
                0x000000000800226c       0x2c ./mbed/TARGET_NUCLEO_F401RE/TOOLCHAIN_GCC_ARM/libmbed.a(Stream.o)
                0x000000000800226c                mbed::Stream::write(void const*, unsigned int)
 .text._ZN4mbed6Stream4readEPvj
                0x0000000008002298       0x2c ./mbed/TARGET_NUCLEO_F401RE/TOOLCHAIN_GCC_ARM/libmbed.a(Stream.o)
                0x0000000008002298                mbed::Stream::read(void*, unsigned int)
 .text._ZN4mbed6Stream5lseekEli
                0x00000000080022c4        0x4 ./mbed/TARGET_NUCLEO_F401RE/TOOLCHAIN_GCC_ARM/libmbed.a(Stream.o)
                0x00000000080022c4                mbed::Stream::lseek(long, int)
 .text._ZN4mbed6Stream6isattyEv
                0x00000000080022c8        0x4 ./mbed/TARGET_NUCLEO_F401RE/TOOLCHAIN_GCC_ARM/libmbed.a(Stream.o)
                0x00000000080022c8                mbed::Stream::isatty()
 .text._ZN4mbed6Stream5fsyncEv
                0x00000000080022cc        0x4 ./mbed/TARGET_NUCLEO_F401RE/TOOLCHAIN_GCC_ARM/libmbed.a(Stream.o)
                0x00000000080022cc                mbed::Stream::fsync()
 .text._ZN4mbed6Stream4flenEv
                0x00000000080022d0        0x4 ./mbed/TARGET_NUCLEO_F401RE/TOOLCHAIN_GCC_ARM/libmbed.a(Stream.o)
                0x00000000080022d0                mbed::Stream::flen()
 .text._ZN4mbed6StreamC2EPKc
                0x00000000080022d4       0x44 ./mbed/TARGET_NUCLEO_F401RE/TOOLCHAIN_GCC_ARM/libmbed.a(Stream.o)
                0x00000000080022d4                mbed::Stream::Stream(char const*)
                0x00000000080022d4                mbed::Stream::Stream(char const*)
 .text._ZN4mbed6StreamD2Ev
                0x0000000008002318       0x24 ./mbed/TARGET_NUCLEO_F401RE/TOOLCHAIN_GCC_ARM/libmbed.a(Stream.o)
                0x0000000008002318                mbed::Stream::~Stream()
                0x0000000008002318                mbed::Stream::~Stream()
 .text._ZN4mbed6Stream6printfEPKcz
                0x000000000800233c       0x2c ./mbed/TARGET_NUCLEO_F401RE/TOOLCHAIN_GCC_ARM/libmbed.a(Stream.o)
                0x000000000800233c                mbed::Stream::printf(char const*, ...)
 .text.mbed_assert_internal
                0x0000000008002368       0x18 ./mbed/TARGET_NUCLEO_F401RE/TOOLCHAIN_GCC_ARM/libmbed.a(assert.o)
                0x0000000008002368                mbed_assert_internal
 .text._ZN4mbed10TimerEvent3irqEm
                0x0000000008002380        0x8 ./mbed/TARGET_NUCLEO_F401RE/TOOLCHAIN_GCC_ARM/libmbed.a(TimerEvent.o)
                0x0000000008002380                mbed::TimerEvent::irq(unsigned long)
 .text._ZN4mbed10TimerEventC2Ev
                0x0000000008002388       0x28 ./mbed/TARGET_NUCLEO_F401RE/TOOLCHAIN_GCC_ARM/libmbed.a(TimerEvent.o)
                0x0000000008002388                mbed::TimerEvent::TimerEvent()
                0x0000000008002388                mbed::TimerEvent::TimerEvent()
 .text._ZN4mbed10TimerEventD2Ev
                0x00000000080023b0       0x18 ./mbed/TARGET_NUCLEO_F401RE/TOOLCHAIN_GCC_ARM/libmbed.a(TimerEvent.o)
                0x00000000080023b0                mbed::TimerEvent::~TimerEvent()
                0x00000000080023b0                mbed::TimerEvent::~TimerEvent()
 .text._ZN4mbed10TimerEvent6insertEm
                0x00000000080023c8        0xc ./mbed/TARGET_NUCLEO_F401RE/TOOLCHAIN_GCC_ARM/libmbed.a(TimerEvent.o)
                0x00000000080023c8                mbed::TimerEvent::insert(unsigned long)
 .text._ZN4mbed10TimerEvent6removeEv
                0x00000000080023d4        0x8 ./mbed/TARGET_NUCLEO_F401RE/TOOLCHAIN_GCC_ARM/libmbed.a(TimerEvent.o)
                0x00000000080023d4                mbed::TimerEvent::remove()
 .text.error    0x00000000080023dc       0x24 ./mbed/TARGET_NUCLEO_F401RE/TOOLCHAIN_GCC_ARM/libmbed.a(error.o)
                0x00000000080023dc                error
 .text.gpio_init_in
                0x0000000008002400       0x24 ./mbed/TARGET_NUCLEO_F401RE/TOOLCHAIN_GCC_ARM/libmbed.a(gpio.o)
                0x0000000008002400                gpio_init_in
 .text.gpio_init_out
                0x0000000008002424       0x48 ./mbed/TARGET_NUCLEO_F401RE/TOOLCHAIN_GCC_ARM/libmbed.a(gpio.o)
                0x0000000008002424                gpio_init_out
 .text.pinmap_pinout
                0x000000000800246c       0x44 ./mbed/TARGET_NUCLEO_F401RE/TOOLCHAIN_GCC_ARM/libmbed.a(pinmap_common.o)
                0x000000000800246c                pinmap_pinout
 .text.pinmap_merge
                0x00000000080024b0       0x24 ./mbed/TARGET_NUCLEO_F401RE/TOOLCHAIN_GCC_ARM/libmbed.a(pinmap_common.o)
                0x00000000080024b0                pinmap_merge
 .text.pinmap_peripheral
                0x00000000080024d4       0x38 ./mbed/TARGET_NUCLEO_F401RE/TOOLCHAIN_GCC_ARM/libmbed.a(pinmap_common.o)
                0x00000000080024d4                pinmap_peripheral
 .text.ticker_set_handler
                0x000000000800250c       0x14 ./mbed/TARGET_NUCLEO_F401RE/TOOLCHAIN_GCC_ARM/libmbed.a(ticker_api.o)
                0x000000000800250c                ticker_set_handler
 .text.ticker_irq_handler
                0x0000000008002520       0x4c ./mbed/TARGET_NUCLEO_F401RE/TOOLCHAIN_GCC_ARM/libmbed.a(ticker_api.o)
                0x0000000008002520                ticker_irq_handler
 .text.ticker_insert_event
                0x000000000800256c       0x48 ./mbed/TARGET_NUCLEO_F401RE/TOOLCHAIN_GCC_ARM/libmbed.a(ticker_api.o)
                0x000000000800256c                ticker_insert_event
 .text.ticker_remove_event
                0x00000000080025b4       0x48 ./mbed/TARGET_NUCLEO_F401RE/TOOLCHAIN_GCC_ARM/libmbed.a(ticker_api.o)
                0x00000000080025b4                ticker_remove_event
 .text.ticker_read
                0x00000000080025fc        0x8 ./mbed/TARGET_NUCLEO_F401RE/TOOLCHAIN_GCC_ARM/libmbed.a(ticker_api.o)
                0x00000000080025fc                ticker_read
 .text.get_us_ticker_data
                0x0000000008002604        0x8 ./mbed/TARGET_NUCLEO_F401RE/TOOLCHAIN_GCC_ARM/libmbed.a(us_ticker_api.o)
                0x0000000008002604                get_us_ticker_data
 .text.us_ticker_irq_handler
                0x000000000800260c        0xc ./mbed/TARGET_NUCLEO_F401RE/TOOLCHAIN_GCC_ARM/libmbed.a(us_ticker_api.o)
                0x000000000800260c                us_ticker_irq_handler
 .text.wait_us  0x0000000008002618       0x18 ./mbed/TARGET_NUCLEO_F401RE/TOOLCHAIN_GCC_ARM/libmbed.a(wait_api.o)
                0x0000000008002618                wait_us
 .text.wait     0x0000000008002630       0x1c ./mbed/TARGET_NUCLEO_F401RE/TOOLCHAIN_GCC_ARM/libmbed.a(wait_api.o)
                0x0000000008002630                wait
 .text.wait_ms  0x000000000800264c        0xc ./mbed/TARGET_NUCLEO_F401RE/TOOLCHAIN_GCC_ARM/libmbed.a(wait_api.o)
                0x000000000800264c                wait_ms
 .text.gpio_set
                0x0000000008002658       0x30 ./mbed/TARGET_NUCLEO_F401RE/TOOLCHAIN_GCC_ARM/libmbed.a(gpio_api.o)
                0x0000000008002658                gpio_set
 .text.gpio_init
                0x0000000008002688       0x2c ./mbed/TARGET_NUCLEO_F401RE/TOOLCHAIN_GCC_ARM/libmbed.a(gpio_api.o)
                0x0000000008002688                gpio_init
 .text.gpio_mode
                0x00000000080026b4        0x8 ./mbed/TARGET_NUCLEO_F401RE/TOOLCHAIN_GCC_ARM/libmbed.a(gpio_api.o)
                0x00000000080026b4                gpio_mode
 .text.gpio_dir
                0x00000000080026bc       0x40 ./mbed/TARGET_NUCLEO_F401RE/TOOLCHAIN_GCC_ARM/libmbed.a(gpio_api.o)
                0x00000000080026bc                gpio_dir
 .text.Set_GPIO_Clock
                0x00000000080026fc       0xec ./mbed/TARGET_NUCLEO_F401RE/TOOLCHAIN_GCC_ARM/libmbed.a(pinmap.o)
                0x00000000080026fc                Set_GPIO_Clock
 .text.pin_function
                0x00000000080027e8       0x5c ./mbed/TARGET_NUCLEO_F401RE/TOOLCHAIN_GCC_ARM/libmbed.a(pinmap.o)
                0x00000000080027e8                pin_function
 .text.pin_mode
                0x0000000008002844       0x48 ./mbed/TARGET_NUCLEO_F401RE/TOOLCHAIN_GCC_ARM/libmbed.a(pinmap.o)
                0x0000000008002844                pin_mode
 .text.i2c_frequency
                0x000000000800288c       0x70 ./mbed/TARGET_NUCLEO_F401RE/TOOLCHAIN_GCC_ARM/libmbed.a(i2c_api.o)
                0x000000000800288c                i2c_frequency
 .text.i2c_write
                0x00000000080028fc       0xc0 ./mbed/TARGET_NUCLEO_F401RE/TOOLCHAIN_GCC_ARM/libmbed.a(i2c_api.o)
                0x00000000080028fc                i2c_write
 .text.i2c_byte_read
                0x00000000080029bc       0x38 ./mbed/TARGET_NUCLEO_F401RE/TOOLCHAIN_GCC_ARM/libmbed.a(i2c_api.o)
                0x00000000080029bc                i2c_byte_read
 .text.i2c_read
                0x00000000080029f4       0xc4 ./mbed/TARGET_NUCLEO_F401RE/TOOLCHAIN_GCC_ARM/libmbed.a(i2c_api.o)
                0x00000000080029f4                i2c_read
 .text.i2c_reset
                0x0000000008002ab8       0x78 ./mbed/TARGET_NUCLEO_F401RE/TOOLCHAIN_GCC_ARM/libmbed.a(i2c_api.o)
                0x0000000008002ab8                i2c_reset
 .text.i2c_init
                0x0000000008002b30      0x15c ./mbed/TARGET_NUCLEO_F401RE/TOOLCHAIN_GCC_ARM/libmbed.a(i2c_api.o)
                0x0000000008002b30                i2c_init
 .text.us_ticker_init
                0x0000000008002c8c       0x24 ./mbed/TARGET_NUCLEO_F401RE/TOOLCHAIN_GCC_ARM/libmbed.a(us_ticker.o)
                0x0000000008002c8c                us_ticker_init
 .text.us_ticker_read
                0x0000000008002cb0       0x28 ./mbed/TARGET_NUCLEO_F401RE/TOOLCHAIN_GCC_ARM/libmbed.a(us_ticker.o)
                0x0000000008002cb0                us_ticker_read
 .text.us_ticker_set_interrupt
                0x0000000008002cd8       0x14 ./mbed/TARGET_NUCLEO_F401RE/TOOLCHAIN_GCC_ARM/libmbed.a(us_ticker.o)
                0x0000000008002cd8                us_ticker_set_interrupt
 .text.us_ticker_disable_interrupt
                0x0000000008002cec       0x14 ./mbed/TARGET_NUCLEO_F401RE/TOOLCHAIN_GCC_ARM/libmbed.a(us_ticker.o)
                0x0000000008002cec                us_ticker_disable_interrupt
 .text.us_ticker_clear_interrupt
                0x0000000008002d00       0x10 ./mbed/TARGET_NUCLEO_F401RE/TOOLCHAIN_GCC_ARM/libmbed.a(us_ticker.o)
                0x0000000008002d00                us_ticker_clear_interrupt
 .text._ZN4mbed8FileBaseD2Ev
                0x0000000008002d10       0x30 ./mbed/TARGET_NUCLEO_F401RE/TOOLCHAIN_GCC_ARM/libmbed.a(FileBase.o)
                0x0000000008002d10                mbed::FileBase::~FileBase()
                0x0000000008002d10                mbed::FileBase::~FileBase()
 .text._ZN4mbed8FileBaseD0Ev
                0x0000000008002d40       0x3c ./mbed/TARGET_NUCLEO_F401RE/TOOLCHAIN_GCC_ARM/libmbed.a(FileBase.o)
                0x0000000008002d40                mbed::FileBase::~FileBase()
 .text._ZN4mbed8FileBaseC2EPKcNS_8PathTypeE
                0x0000000008002d7c       0x28 ./mbed/TARGET_NUCLEO_F401RE/TOOLCHAIN_GCC_ARM/libmbed.a(FileBase.o)
                0x0000000008002d7c                mbed::FileBase::FileBase(char const*, mbed::PathType)
                0x0000000008002d7c                mbed::FileBase::FileBase(char const*, mbed::PathType)
 .text._ZN4mbed8FileBase6lookupEPKcj
                0x0000000008002da4       0x3c ./mbed/TARGET_NUCLEO_F401RE/TOOLCHAIN_GCC_ARM/libmbed.a(FileBase.o)
                0x0000000008002da4                mbed::FileBase::lookup(char const*, unsigned int)
 .text._ZN4mbed8FileBase11getPathTypeEv
                0x0000000008002de0        0x4 ./mbed/TARGET_NUCLEO_F401RE/TOOLCHAIN_GCC_ARM/libmbed.a(FileBase.o)
                0x0000000008002de0                mbed::FileBase::getPathType()
 .text._ZN4mbed8FileLikeC2EPKc
                0x0000000008002de4       0x28 ./mbed/TARGET_NUCLEO_F401RE/TOOLCHAIN_GCC_ARM/libmbed.a(FileLike.o)
                0x0000000008002de4                mbed::FileLike::FileLike(char const*)
                0x0000000008002de4                mbed::FileLike::FileLike(char const*)
 .text._ZN4mbed8FileLikeD2Ev
                0x0000000008002e0c       0x24 ./mbed/TARGET_NUCLEO_F401RE/TOOLCHAIN_GCC_ARM/libmbed.a(FileLike.o)
                0x0000000008002e0c                mbed::FileLike::~FileLike()
                0x0000000008002e0c                mbed::FileLike::~FileLike()
 .text.__aeabi_atexit
                0x0000000008002e30        0xa /usr/lib/gcc/arm-none-eabi/5.3.0/../../../../arm-none-eabi/lib/armv7e-m/softfp/libstdc++_nano.a(atexit_arm.o)
                0x0000000008002e30                __aeabi_atexit
 .text._ZdlPv   0x0000000008002e3a        0x4 /usr/lib/gcc/arm-none-eabi/5.3.0/../../../../arm-none-eabi/lib/armv7e-m/softfp/libstdc++_nano.a(del_op.o)
                0x0000000008002e3a                operator delete(void*)
 *fill*         0x0000000008002e3e        0x2 
 .text.atan2    0x0000000008002e40        0x4 /usr/lib/gcc/arm-none-eabi/5.3.0/../../../../arm-none-eabi/lib/armv7e-m/softfp/libm.a(lib_a-w_atan2.o)
                0x0000000008002e40                atan2
 *fill*         0x0000000008002e44        0x4 
 .text.__ieee754_atan2
                0x0000000008002e48      0x1f8 /usr/lib/gcc/arm-none-eabi/5.3.0/../../../../arm-none-eabi/lib/armv7e-m/softfp/libm.a(lib_a-e_atan2.o)
                0x0000000008002e48                __ieee754_atan2
 .text.atan     0x0000000008003040      0x340 /usr/lib/gcc/arm-none-eabi/5.3.0/../../../../arm-none-eabi/lib/armv7e-m/softfp/libm.a(lib_a-s_atan.o)
                0x0000000008003040                atan
 .text.fabs     0x0000000008003380        0x8 /usr/lib/gcc/arm-none-eabi/5.3.0/../../../../arm-none-eabi/lib/armv7e-m/softfp/libm.a(lib_a-s_fabs.o)
                0x0000000008003380                fabs
 .text.atexit   0x0000000008003388        0xc /usr/lib/gcc/arm-none-eabi/5.3.0/../../../../arm-none-eabi/lib/armv7e-m/softfp/libc_nano.a(lib_a-atexit.o)
                0x0000000008003388                atexit
 .text.__cxa_atexit
                0x0000000008003394       0x1c /usr/lib/gcc/arm-none-eabi/5.3.0/../../../../arm-none-eabi/lib/armv7e-m/softfp/libc_nano.a(lib_a-cxa_atexit.o)
                0x0000000008003394                __cxa_atexit
 .text.__errno  0x00000000080033b0        0xc /usr/lib/gcc/arm-none-eabi/5.3.0/../../../../arm-none-eabi/lib/armv7e-m/softfp/libc_nano.a(lib_a-errno.o)
                0x00000000080033b0                __errno
 .text.exit     0x00000000080033bc       0x28 /usr/lib/gcc/arm-none-eabi/5.3.0/../../../../arm-none-eabi/lib/armv7e-m/softfp/libc_nano.a(lib_a-exit.o)
                0x00000000080033bc                exit
 .text._fclose_r
                0x00000000080033e4       0xa4 /usr/lib/gcc/arm-none-eabi/5.3.0/../../../../arm-none-eabi/lib/armv7e-m/softfp/libc_nano.a(lib_a-fclose.o)
                0x00000000080033e4                _fclose_r
 .text.fclose   0x0000000008003488       0x10 /usr/lib/gcc/arm-none-eabi/5.3.0/../../../../arm-none-eabi/lib/armv7e-m/softfp/libc_nano.a(lib_a-fclose.o)
                0x0000000008003488                fclose
 .text.__sflush_r
                0x0000000008003498      0x110 /usr/lib/gcc/arm-none-eabi/5.3.0/../../../../arm-none-eabi/lib/armv7e-m/softfp/libc_nano.a(lib_a-fflush.o)
                0x0000000008003498                __sflush_r
 .text._fflush_r
                0x00000000080035a8       0x54 /usr/lib/gcc/arm-none-eabi/5.3.0/../../../../arm-none-eabi/lib/armv7e-m/softfp/libc_nano.a(lib_a-fflush.o)
                0x00000000080035a8                _fflush_r
 .text.fflush   0x00000000080035fc       0x24 /usr/lib/gcc/arm-none-eabi/5.3.0/../../../../arm-none-eabi/lib/armv7e-m/softfp/libc_nano.a(lib_a-fflush.o)
                0x00000000080035fc                fflush
 .text._cleanup_r
                0x0000000008003620        0xc /usr/lib/gcc/arm-none-eabi/5.3.0/../../../../arm-none-eabi/lib/armv7e-m/softfp/libc_nano.a(lib_a-findfp.o)
                0x0000000008003620                _cleanup_r
 .text.std.isra.0
                0x000000000800362c       0x48 /usr/lib/gcc/arm-none-eabi/5.3.0/../../../../arm-none-eabi/lib/armv7e-m/softfp/libc_nano.a(lib_a-findfp.o)
 .text.__sfmoreglue
                0x0000000008003674       0x2c /usr/lib/gcc/arm-none-eabi/5.3.0/../../../../arm-none-eabi/lib/armv7e-m/softfp/libc_nano.a(lib_a-findfp.o)
                0x0000000008003674                __sfmoreglue
 .text.__sinit  0x00000000080036a0       0x60 /usr/lib/gcc/arm-none-eabi/5.3.0/../../../../arm-none-eabi/lib/armv7e-m/softfp/libc_nano.a(lib_a-findfp.o)
                0x00000000080036a0                __sinit
 .text.__sfp    0x0000000008003700       0x78 /usr/lib/gcc/arm-none-eabi/5.3.0/../../../../arm-none-eabi/lib/armv7e-m/softfp/libc_nano.a(lib_a-findfp.o)
                0x0000000008003700                __sfp
 .text.__sfp_lock_acquire
                0x0000000008003778        0x2 /usr/lib/gcc/arm-none-eabi/5.3.0/../../../../arm-none-eabi/lib/armv7e-m/softfp/libc_nano.a(lib_a-findfp.o)
                0x0000000008003778                __sfp_lock_acquire
 .text.__sfp_lock_release
                0x000000000800377a        0x2 /usr/lib/gcc/arm-none-eabi/5.3.0/../../../../arm-none-eabi/lib/armv7e-m/softfp/libc_nano.a(lib_a-findfp.o)
                0x000000000800377a                __sfp_lock_release
 .text.__libc_fini_array
                0x000000000800377c       0x28 /usr/lib/gcc/arm-none-eabi/5.3.0/../../../../arm-none-eabi/lib/armv7e-m/softfp/libc_nano.a(lib_a-fini.o)
                0x000000000800377c                __libc_fini_array
 .text._fopen_r
                0x00000000080037a4       0x80 /usr/lib/gcc/arm-none-eabi/5.3.0/../../../../arm-none-eabi/lib/armv7e-m/softfp/libc_nano.a(lib_a-fopen.o)
                0x00000000080037a4                _fopen_r
 .text.fopen    0x0000000008003824       0x10 /usr/lib/gcc/arm-none-eabi/5.3.0/../../../../arm-none-eabi/lib/armv7e-m/softfp/libc_nano.a(lib_a-fopen.o)
                0x0000000008003824                fopen
 .text._fseek_r
                0x0000000008003834        0x4 /usr/lib/gcc/arm-none-eabi/5.3.0/../../../../arm-none-eabi/lib/armv7e-m/softfp/libc_nano.a(lib_a-fseek.o)
                0x0000000008003834                _fseek_r
 .text._fseeko_r
                0x0000000008003838      0x118 /usr/lib/gcc/arm-none-eabi/5.3.0/../../../../arm-none-eabi/lib/armv7e-m/softfp/libc_nano.a(lib_a-fseeko.o)
                0x0000000008003838                _fseeko_r
 .text._fwalk_reent
                0x0000000008003950       0x3c /usr/lib/gcc/arm-none-eabi/5.3.0/../../../../arm-none-eabi/lib/armv7e-m/softfp/libc_nano.a(lib_a-fwalk.o)
                0x0000000008003950                _fwalk_reent
 .text.__libc_init_array
                0x000000000800398c       0x4c /usr/lib/gcc/arm-none-eabi/5.3.0/../../../../arm-none-eabi/lib/armv7e-m/softfp/libc_nano.a(lib_a-init.o)
                0x000000000800398c                __libc_init_array
 .text.__smakebuf_r
                0x00000000080039d8       0x9c /usr/lib/gcc/arm-none-eabi/5.3.0/../../../../arm-none-eabi/lib/armv7e-m/softfp/libc_nano.a(lib_a-makebuf.o)
                0x00000000080039d8                __smakebuf_r
 .text.malloc   0x0000000008003a74       0x10 /usr/lib/gcc/arm-none-eabi/5.3.0/../../../../arm-none-eabi/lib/armv7e-m/softfp/libc_nano.a(lib_a-malloc.o)
                0x0000000008003a74                malloc
 .text.free     0x0000000008003a84       0x10 /usr/lib/gcc/arm-none-eabi/5.3.0/../../../../arm-none-eabi/lib/armv7e-m/softfp/libc_nano.a(lib_a-malloc.o)
                0x0000000008003a84                free
 *fill*         0x0000000008003a94        0xc 
 .text          0x0000000008003aa0       0xa0 /usr/lib/gcc/arm-none-eabi/5.3.0/../../../../arm-none-eabi/lib/armv7e-m/softfp/libc_nano.a(lib_a-memchr.o)
                0x0000000008003aa0                memchr
 .text.memcpy   0x0000000008003b40       0x16 /usr/lib/gcc/arm-none-eabi/5.3.0/../../../../arm-none-eabi/lib/armv7e-m/softfp/libc_nano.a(lib_a-memcpy-stub.o)
                0x0000000008003b40                memcpy
 .text.memset   0x0000000008003b56       0x10 /usr/lib/gcc/arm-none-eabi/5.3.0/../../../../arm-none-eabi/lib/armv7e-m/softfp/libc_nano.a(lib_a-memset.o)
                0x0000000008003b56                memset
 *fill*         0x0000000008003b66        0x2 
 .text._free_r  0x0000000008003b68       0x8c /usr/lib/gcc/arm-none-eabi/5.3.0/../../../../arm-none-eabi/lib/armv7e-m/softfp/libc_nano.a(lib_a-nano-freer.o)
                0x0000000008003b68                _free_r
 .text._malloc_r
                0x0000000008003bf4       0xa8 /usr/lib/gcc/arm-none-eabi/5.3.0/../../../../arm-none-eabi/lib/armv7e-m/softfp/libc_nano.a(lib_a-nano-mallocr.o)
                0x0000000008003bf4                _malloc_r
 .text.__sfputc_r
                0x0000000008003c9c       0x30 /usr/lib/gcc/arm-none-eabi/5.3.0/../../../../arm-none-eabi/lib/armv7e-m/softfp/libc_nano.a(lib_a-nano-vfprintf.o)
 .text.__sfputs_r
                0x0000000008003ccc       0x24 /usr/lib/gcc/arm-none-eabi/5.3.0/../../../../arm-none-eabi/lib/armv7e-m/softfp/libc_nano.a(lib_a-nano-vfprintf.o)
                0x0000000008003ccc                __sfputs_r
 .text._vfprintf_r
                0x0000000008003cf0      0x238 /usr/lib/gcc/arm-none-eabi/5.3.0/../../../../arm-none-eabi/lib/armv7e-m/softfp/libc_nano.a(lib_a-nano-vfprintf.o)
                0x0000000008003cf0                _vfiprintf_r
                0x0000000008003cf0                _vfprintf_r
 .text.vfprintf
                0x0000000008003f28       0x14 /usr/lib/gcc/arm-none-eabi/5.3.0/../../../../arm-none-eabi/lib/armv7e-m/softfp/libc_nano.a(lib_a-nano-vfprintf.o)
                0x0000000008003f28                vfiprintf
                0x0000000008003f28                vfprintf
 .text.__cvt    0x0000000008003f3c       0xc2 /usr/lib/gcc/arm-none-eabi/5.3.0/../../../../arm-none-eabi/lib/armv7e-m/softfp/libc_nano.a(lib_a-nano-vfprintf_float.o)
                0x0000000008003f3c                __cvt
 .text.__exponent
                0x0000000008003ffe       0x60 /usr/lib/gcc/arm-none-eabi/5.3.0/../../../../arm-none-eabi/lib/armv7e-m/softfp/libc_nano.a(lib_a-nano-vfprintf_float.o)
                0x0000000008003ffe                __exponent
 *fill*         0x000000000800405e        0x2 
 .text._printf_float
                0x0000000008004060      0x46c /usr/lib/gcc/arm-none-eabi/5.3.0/../../../../arm-none-eabi/lib/armv7e-m/softfp/libc_nano.a(lib_a-nano-vfprintf_float.o)
                0x0000000008004060                _printf_float
 .text._printf_common
                0x00000000080044cc       0xec /usr/lib/gcc/arm-none-eabi/5.3.0/../../../../arm-none-eabi/lib/armv7e-m/softfp/libc_nano.a(lib_a-nano-vfprintf_i.o)
                0x00000000080044cc                _printf_common
 .text._printf_i
                0x00000000080045b8      0x24c /usr/lib/gcc/arm-none-eabi/5.3.0/../../../../arm-none-eabi/lib/armv7e-m/softfp/libc_nano.a(lib_a-nano-vfprintf_i.o)
                0x00000000080045b8                _printf_i
 .text._scanf_float
                0x0000000008004804      0x3b4 /usr/lib/gcc/arm-none-eabi/5.3.0/../../../../arm-none-eabi/lib/armv7e-m/softfp/libc_nano.a(lib_a-nano-vfscanf_float.o)
                0x0000000008004804                _scanf_float
 .text._scanf_chars
                0x0000000008004bb8       0xc8 /usr/lib/gcc/arm-none-eabi/5.3.0/../../../../arm-none-eabi/lib/armv7e-m/softfp/libc_nano.a(lib_a-nano-vfscanf_i.o)
                0x0000000008004bb8                _scanf_chars
 .text._scanf_i
                0x0000000008004c80      0x1e4 /usr/lib/gcc/arm-none-eabi/5.3.0/../../../../arm-none-eabi/lib/armv7e-m/softfp/libc_nano.a(lib_a-nano-vfscanf_i.o)
                0x0000000008004c80                _scanf_i
 .text._open_r  0x0000000008004e64       0x24 /usr/lib/gcc/arm-none-eabi/5.3.0/../../../../arm-none-eabi/lib/armv7e-m/softfp/libc_nano.a(lib_a-openr.o)
                0x0000000008004e64                _open_r
 .text.__fpclassifyd
                0x0000000008004e88       0x54 /usr/lib/gcc/arm-none-eabi/5.3.0/../../../../arm-none-eabi/lib/armv7e-m/softfp/libc_nano.a(lib_a-s_fpclassify.o)
                0x0000000008004e88                __fpclassifyd
 .text._sbrk_r  0x0000000008004edc       0x20 /usr/lib/gcc/arm-none-eabi/5.3.0/../../../../arm-none-eabi/lib/armv7e-m/softfp/libc_nano.a(lib_a-sbrkr.o)
                0x0000000008004edc                _sbrk_r
 .text.__sccl   0x0000000008004efc       0x62 /usr/lib/gcc/arm-none-eabi/5.3.0/../../../../arm-none-eabi/lib/armv7e-m/softfp/libc_nano.a(lib_a-sccl.o)
                0x0000000008004efc                __sccl
 .text.setbuf   0x0000000008004f5e       0x10 /usr/lib/gcc/arm-none-eabi/5.3.0/../../../../arm-none-eabi/lib/armv7e-m/softfp/libc_nano.a(lib_a-setbuf.o)
                0x0000000008004f5e                setbuf
 *fill*         0x0000000008004f6e        0x2 
 .text.setvbuf  0x0000000008004f70      0x110 /usr/lib/gcc/arm-none-eabi/5.3.0/../../../../arm-none-eabi/lib/armv7e-m/softfp/libc_nano.a(lib_a-setvbuf.o)
                0x0000000008004f70                setvbuf
 .text.nanf     0x0000000008005080        0x8 /usr/lib/gcc/arm-none-eabi/5.3.0/../../../../arm-none-eabi/lib/armv7e-m/softfp/libc_nano.a(lib_a-sf_nan.o)
                0x0000000008005080                nanf
 .text.sprintf  0x0000000008005088       0x48 /usr/lib/gcc/arm-none-eabi/5.3.0/../../../../arm-none-eabi/lib/armv7e-m/softfp/libc_nano.a(lib_a-sprintf.o)
                0x0000000008005088                sprintf
                0x0000000008005088                siprintf
 .text.sscanf   0x00000000080050d0       0x54 /usr/lib/gcc/arm-none-eabi/5.3.0/../../../../arm-none-eabi/lib/armv7e-m/softfp/libc_nano.a(lib_a-sscanf.o)
                0x00000000080050d0                sscanf
                0x00000000080050d0                siscanf
 .text.__sread  0x0000000008005124       0x22 /usr/lib/gcc/arm-none-eabi/5.3.0/../../../../arm-none-eabi/lib/armv7e-m/softfp/libc_nano.a(lib_a-stdio.o)
                0x0000000008005124                __sread
 .text.__seofread
                0x0000000008005146        0x4 /usr/lib/gcc/arm-none-eabi/5.3.0/../../../../arm-none-eabi/lib/armv7e-m/softfp/libc_nano.a(lib_a-stdio.o)
                0x0000000008005146                __seofread
 .text.__swrite
                0x000000000800514a       0x38 /usr/lib/gcc/arm-none-eabi/5.3.0/../../../../arm-none-eabi/lib/armv7e-m/softfp/libc_nano.a(lib_a-stdio.o)
                0x000000000800514a                __swrite
 .text.__sseek  0x0000000008005182       0x24 /usr/lib/gcc/arm-none-eabi/5.3.0/../../../../arm-none-eabi/lib/armv7e-m/softfp/libc_nano.a(lib_a-stdio.o)
                0x0000000008005182                __sseek
 .text.__sclose
                0x00000000080051a6        0x8 /usr/lib/gcc/arm-none-eabi/5.3.0/../../../../arm-none-eabi/lib/armv7e-m/softfp/libc_nano.a(lib_a-stdio.o)
                0x00000000080051a6                __sclose
 .text          0x00000000080051ae       0x14 /usr/lib/gcc/arm-none-eabi/5.3.0/../../../../arm-none-eabi/lib/armv7e-m/softfp/libc_nano.a(lib_a-strcmp.o)
                0x00000000080051ae                strcmp
 .text          0x00000000080051c2       0x10 /usr/lib/gcc/arm-none-eabi/5.3.0/../../../../arm-none-eabi/lib/armv7e-m/softfp/libc_nano.a(lib_a-strlen.o)
                0x00000000080051c2                strlen
 .text.strncmp  0x00000000080051d2       0x2a /usr/lib/gcc/arm-none-eabi/5.3.0/../../../../arm-none-eabi/lib/armv7e-m/softfp/libc_nano.a(lib_a-strncmp.o)
                0x00000000080051d2                strncmp
 .text.sulp     0x00000000080051fc       0x42 /usr/lib/gcc/arm-none-eabi/5.3.0/../../../../arm-none-eabi/lib/armv7e-m/softfp/libc_nano.a(lib_a-strtod.o)
 *fill*         0x000000000800523e        0x2 
 .text._strtod_r
                0x0000000008005240      0xbf8 /usr/lib/gcc/arm-none-eabi/5.3.0/../../../../arm-none-eabi/lib/armv7e-m/softfp/libc_nano.a(lib_a-strtod.o)
                0x0000000008005240                _strtod_r
 .text._strtol_r
                0x0000000008005e38      0x10c /usr/lib/gcc/arm-none-eabi/5.3.0/../../../../arm-none-eabi/lib/armv7e-m/softfp/libc_nano.a(lib_a-strtol.o)
                0x0000000008005e38                _strtol_r
 .text._strtoul_r
                0x0000000008005f44       0xfc /usr/lib/gcc/arm-none-eabi/5.3.0/../../../../arm-none-eabi/lib/armv7e-m/softfp/libc_nano.a(lib_a-strtoul.o)
                0x0000000008005f44                _strtoul_r
 .text.__submore
                0x0000000008006040       0x76 /usr/lib/gcc/arm-none-eabi/5.3.0/../../../../arm-none-eabi/lib/armv7e-m/softfp/libc_nano.a(lib_a-ungetc.o)
                0x0000000008006040                __submore
 *fill*         0x00000000080060b6        0x2 
 .text.__swbuf_r
                0x00000000080060b8       0xa8 /usr/lib/gcc/arm-none-eabi/5.3.0/../../../../arm-none-eabi/lib/armv7e-m/softfp/libc_nano.a(lib_a-wbuf.o)
                0x00000000080060b8                __swbuf_r
 .text._write_r
                0x0000000008006160       0x24 /usr/lib/gcc/arm-none-eabi/5.3.0/../../../../arm-none-eabi/lib/armv7e-m/softfp/libc_nano.a(lib_a-writer.o)
                0x0000000008006160                _write_r
 .text.__swsetup_r
                0x0000000008006184       0xd8 /usr/lib/gcc/arm-none-eabi/5.3.0/../../../../arm-none-eabi/lib/armv7e-m/softfp/libc_nano.a(lib_a-wsetup.o)
                0x0000000008006184                __swsetup_r
 .text.__register_exitproc
                0x000000000800625c       0xc4 /usr/lib/gcc/arm-none-eabi/5.3.0/../../../../arm-none-eabi/lib/armv7e-m/softfp/libc_nano.a(lib_a-__atexit.o)
                0x000000000800625c                __register_exitproc
 .text.__call_exitprocs
                0x0000000008006320       0xd4 /usr/lib/gcc/arm-none-eabi/5.3.0/../../../../arm-none-eabi/lib/armv7e-m/softfp/libc_nano.a(lib_a-__call_atexit.o)
                0x0000000008006320                __call_exitprocs
 .text._close_r
                0x00000000080063f4       0x20 /usr/lib/gcc/arm-none-eabi/5.3.0/../../../../arm-none-eabi/lib/armv7e-m/softfp/libc_nano.a(lib_a-closer.o)
                0x00000000080063f4                _close_r
 .text.quorem   0x0000000008006414      0x11e /usr/lib/gcc/arm-none-eabi/5.3.0/../../../../arm-none-eabi/lib/armv7e-m/softfp/libc_nano.a(lib_a-dtoa.o)
 *fill*         0x0000000008006532        0x6 
 .text._dtoa_r  0x0000000008006538      0xb38 /usr/lib/gcc/arm-none-eabi/5.3.0/../../../../arm-none-eabi/lib/armv7e-m/softfp/libc_nano.a(lib_a-dtoa.o)
                0x0000000008006538                _dtoa_r
 .text.__sflags
                0x0000000008007070       0x6e /usr/lib/gcc/arm-none-eabi/5.3.0/../../../../arm-none-eabi/lib/armv7e-m/softfp/libc_nano.a(lib_a-flags.o)
                0x0000000008007070                __sflags
 *fill*         0x00000000080070de        0x2 
 .text._fstat_r
                0x00000000080070e0       0x24 /usr/lib/gcc/arm-none-eabi/5.3.0/../../../../arm-none-eabi/lib/armv7e-m/softfp/libc_nano.a(lib_a-fstatr.o)
                0x00000000080070e0                _fstat_r
 .text.rshift   0x0000000008007104       0x6c /usr/lib/gcc/arm-none-eabi/5.3.0/../../../../arm-none-eabi/lib/armv7e-m/softfp/libc_nano.a(lib_a-gdtoa-gethex.o)
 .text.__hexdig_fun
                0x0000000008007170       0x2a /usr/lib/gcc/arm-none-eabi/5.3.0/../../../../arm-none-eabi/lib/armv7e-m/softfp/libc_nano.a(lib_a-gdtoa-gethex.o)
                0x0000000008007170                __hexdig_fun
 .text.__gethex
                0x000000000800719a      0x43e /usr/lib/gcc/arm-none-eabi/5.3.0/../../../../arm-none-eabi/lib/armv7e-m/softfp/libc_nano.a(lib_a-gdtoa-gethex.o)
                0x000000000800719a                __gethex
 .text.L_shift  0x00000000080075d8       0x24 /usr/lib/gcc/arm-none-eabi/5.3.0/../../../../arm-none-eabi/lib/armv7e-m/softfp/libc_nano.a(lib_a-gdtoa-hexnan.o)
 .text.__match  0x00000000080075fc       0x26 /usr/lib/gcc/arm-none-eabi/5.3.0/../../../../arm-none-eabi/lib/armv7e-m/softfp/libc_nano.a(lib_a-gdtoa-hexnan.o)
                0x00000000080075fc                __match
 .text.__hexnan
                0x0000000008007622      0x11c /usr/lib/gcc/arm-none-eabi/5.3.0/../../../../arm-none-eabi/lib/armv7e-m/softfp/libc_nano.a(lib_a-gdtoa-hexnan.o)
                0x0000000008007622                __hexnan
 *fill*         0x000000000800773e        0x2 
 .text._isatty_r
                0x0000000008007740       0x20 /usr/lib/gcc/arm-none-eabi/5.3.0/../../../../arm-none-eabi/lib/armv7e-m/softfp/libc_nano.a(lib_a-isattyr.o)
                0x0000000008007740                _isatty_r
 .text._localeconv_r
                0x0000000008007760        0x8 /usr/lib/gcc/arm-none-eabi/5.3.0/../../../../arm-none-eabi/lib/armv7e-m/softfp/libc_nano.a(lib_a-locale.o)
                0x0000000008007760                _localeconv_r
 .text._lseek_r
                0x0000000008007768       0x24 /usr/lib/gcc/arm-none-eabi/5.3.0/../../../../arm-none-eabi/lib/armv7e-m/softfp/libc_nano.a(lib_a-lseekr.o)
                0x0000000008007768                _lseek_r
 .text.memmove  0x000000000800778c       0x36 /usr/lib/gcc/arm-none-eabi/5.3.0/../../../../arm-none-eabi/lib/armv7e-m/softfp/libc_nano.a(lib_a-memmove.o)
                0x000000000800778c                memmove
 .text._Balloc  0x00000000080077c2       0x6a /usr/lib/gcc/arm-none-eabi/5.3.0/../../../../arm-none-eabi/lib/armv7e-m/softfp/libc_nano.a(lib_a-mprec.o)
                0x00000000080077c2                _Balloc
 .text._Bfree   0x000000000800782c       0x2e /usr/lib/gcc/arm-none-eabi/5.3.0/../../../../arm-none-eabi/lib/armv7e-m/softfp/libc_nano.a(lib_a-mprec.o)
                0x000000000800782c                _Bfree
 .text.__multadd
                0x000000000800785a       0x76 /usr/lib/gcc/arm-none-eabi/5.3.0/../../../../arm-none-eabi/lib/armv7e-m/softfp/libc_nano.a(lib_a-mprec.o)
                0x000000000800785a                __multadd
 .text.__s2b    0x00000000080078d0       0x7c /usr/lib/gcc/arm-none-eabi/5.3.0/../../../../arm-none-eabi/lib/armv7e-m/softfp/libc_nano.a(lib_a-mprec.o)
                0x00000000080078d0                __s2b
 .text.__hi0bits
                0x000000000800794c       0x40 /usr/lib/gcc/arm-none-eabi/5.3.0/../../../../arm-none-eabi/lib/armv7e-m/softfp/libc_nano.a(lib_a-mprec.o)
                0x000000000800794c                __hi0bits
 .text.__lo0bits
                0x000000000800798c       0x5a /usr/lib/gcc/arm-none-eabi/5.3.0/../../../../arm-none-eabi/lib/armv7e-m/softfp/libc_nano.a(lib_a-mprec.o)
                0x000000000800798c                __lo0bits
 .text.__i2b    0x00000000080079e6       0x12 /usr/lib/gcc/arm-none-eabi/5.3.0/../../../../arm-none-eabi/lib/armv7e-m/softfp/libc_nano.a(lib_a-mprec.o)
                0x00000000080079e6                __i2b
 .text.__multiply
                0x00000000080079f8      0x122 /usr/lib/gcc/arm-none-eabi/5.3.0/../../../../arm-none-eabi/lib/armv7e-m/softfp/libc_nano.a(lib_a-mprec.o)
                0x00000000080079f8                __multiply
 *fill*         0x0000000008007b1a        0x2 
 .text.__pow5mult
                0x0000000008007b1c       0x9c /usr/lib/gcc/arm-none-eabi/5.3.0/../../../../arm-none-eabi/lib/armv7e-m/softfp/libc_nano.a(lib_a-mprec.o)
                0x0000000008007b1c                __pow5mult
 .text.__lshift
                0x0000000008007bb8       0xa2 /usr/lib/gcc/arm-none-eabi/5.3.0/../../../../arm-none-eabi/lib/armv7e-m/softfp/libc_nano.a(lib_a-mprec.o)
                0x0000000008007bb8                __lshift
 .text.__mcmp   0x0000000008007c5a       0x38 /usr/lib/gcc/arm-none-eabi/5.3.0/../../../../arm-none-eabi/lib/armv7e-m/softfp/libc_nano.a(lib_a-mprec.o)
                0x0000000008007c5a                __mcmp
 .text.__mdiff  0x0000000008007c92       0xbe /usr/lib/gcc/arm-none-eabi/5.3.0/../../../../arm-none-eabi/lib/armv7e-m/softfp/libc_nano.a(lib_a-mprec.o)
                0x0000000008007c92                __mdiff
 .text.__ulp    0x0000000008007d50       0x48 /usr/lib/gcc/arm-none-eabi/5.3.0/../../../../arm-none-eabi/lib/armv7e-m/softfp/libc_nano.a(lib_a-mprec.o)
                0x0000000008007d50                __ulp
 .text.__b2d    0x0000000008007d98       0x9a /usr/lib/gcc/arm-none-eabi/5.3.0/../../../../arm-none-eabi/lib/armv7e-m/softfp/libc_nano.a(lib_a-mprec.o)
                0x0000000008007d98                __b2d
 .text.__d2b    0x0000000008007e32       0x9c /usr/lib/gcc/arm-none-eabi/5.3.0/../../../../arm-none-eabi/lib/armv7e-m/softfp/libc_nano.a(lib_a-mprec.o)
                0x0000000008007e32                __d2b
 .text.__ratio  0x0000000008007ece       0x52 /usr/lib/gcc/arm-none-eabi/5.3.0/../../../../arm-none-eabi/lib/armv7e-m/softfp/libc_nano.a(lib_a-mprec.o)
                0x0000000008007ece                __ratio
 .text.__copybits
                0x0000000008007f20       0x34 /usr/lib/gcc/arm-none-eabi/5.3.0/../../../../arm-none-eabi/lib/armv7e-m/softfp/libc_nano.a(lib_a-mprec.o)
                0x0000000008007f20                __copybits
 .text.__any_on
                0x0000000008007f54       0x44 /usr/lib/gcc/arm-none-eabi/5.3.0/../../../../arm-none-eabi/lib/armv7e-m/softfp/libc_nano.a(lib_a-mprec.o)
                0x0000000008007f54                __any_on
 .text._calloc_r
                0x0000000008007f98       0x1c /usr/lib/gcc/arm-none-eabi/5.3.0/../../../../arm-none-eabi/lib/armv7e-m/softfp/libc_nano.a(lib_a-nano-callocr.o)
                0x0000000008007f98                _calloc_r
 .text._realloc_r
                0x0000000008007fb4       0x4c /usr/lib/gcc/arm-none-eabi/5.3.0/../../../../arm-none-eabi/lib/armv7e-m/softfp/libc_nano.a(lib_a-nano-reallocr.o)
                0x0000000008007fb4                _realloc_r
 .text.__ssputs_r
                0x0000000008008000       0xb2 /usr/lib/gcc/arm-none-eabi/5.3.0/../../../../arm-none-eabi/lib/armv7e-m/softfp/libc_nano.a(lib_a-nano-svfprintf.o)
                0x0000000008008000                __ssputs_r
 *fill*         0x00000000080080b2        0x2 
 .text._svfprintf_r
                0x00000000080080b4      0x1e8 /usr/lib/gcc/arm-none-eabi/5.3.0/../../../../arm-none-eabi/lib/armv7e-m/softfp/libc_nano.a(lib_a-nano-svfprintf.o)
                0x00000000080080b4                _svfprintf_r
                0x00000000080080b4                _svfiprintf_r
 .text._sungetc_r
                0x000000000800829c       0x7c /usr/lib/gcc/arm-none-eabi/5.3.0/../../../../arm-none-eabi/lib/armv7e-m/softfp/libc_nano.a(lib_a-nano-svfscanf.o)
                0x000000000800829c                _sungetc_r
 .text.__ssrefill_r
                0x0000000008008318       0x3a /usr/lib/gcc/arm-none-eabi/5.3.0/../../../../arm-none-eabi/lib/armv7e-m/softfp/libc_nano.a(lib_a-nano-svfscanf.o)
                0x0000000008008318                __ssrefill_r
 *fill*         0x0000000008008352        0x2 
 .text.__ssvfscanf_r
                0x0000000008008354      0x29c /usr/lib/gcc/arm-none-eabi/5.3.0/../../../../arm-none-eabi/lib/armv7e-m/softfp/libc_nano.a(lib_a-nano-svfscanf.o)
                0x0000000008008354                __ssvfscanf_r
                0x0000000008008354                __ssvfiscanf_r
 .text._read_r  0x00000000080085f0       0x24 /usr/lib/gcc/arm-none-eabi/5.3.0/../../../../arm-none-eabi/lib/armv7e-m/softfp/libc_nano.a(lib_a-readr.o)
                0x00000000080085f0                _read_r
 .text._malloc_usable_size_r
                0x0000000008008614       0x14 /usr/lib/gcc/arm-none-eabi/5.3.0/../../../../arm-none-eabi/lib/armv7e-m/softfp/libc_nano.a(lib_a-nano-msizer.o)
                0x0000000008008614                _malloc_usable_size_r
 .text          0x0000000008008628      0x370 /usr/lib/gcc/arm-none-eabi/5.3.0/armv7e-m/softfp/libgcc.a(_arm_addsubdf3.o)
                0x0000000008008628                __aeabi_drsub
                0x0000000008008630                __aeabi_dsub
                0x0000000008008630                __subdf3
                0x0000000008008634                __adddf3
                0x0000000008008634                __aeabi_dadd
                0x00000000080088ac                __aeabi_ui2d
                0x00000000080088ac                __floatunsidf
                0x00000000080088cc                __floatsidf
                0x00000000080088cc                __aeabi_i2d
                0x00000000080088f0                __extendsfdf2
                0x00000000080088f0                __aeabi_f2d
                0x000000000800892c                __aeabi_ul2d
                0x000000000800892c                __floatundidf
                0x000000000800893c                __floatdidf
                0x000000000800893c                __aeabi_l2d
 .text          0x0000000008008998      0x424 /usr/lib/gcc/arm-none-eabi/5.3.0/armv7e-m/softfp/libgcc.a(_arm_muldivdf3.o)
                0x0000000008008998                __aeabi_dmul
                0x0000000008008998                __muldf3
                0x0000000008008bec                __aeabi_ddiv
                0x0000000008008bec                __divdf3
 .text          0x0000000008008dbc      0x110 /usr/lib/gcc/arm-none-eabi/5.3.0/armv7e-m/softfp/libgcc.a(_arm_cmpdf2.o)
                0x0000000008008dbc                __gtdf2
                0x0000000008008dbc                __gedf2
                0x0000000008008dc4                __ltdf2
                0x0000000008008dc4                __ledf2
                0x0000000008008dcc                __cmpdf2
                0x0000000008008dcc                __eqdf2
                0x0000000008008dcc                __nedf2
                0x0000000008008e48                __aeabi_cdrcmple
                0x0000000008008e58                __aeabi_cdcmple
                0x0000000008008e58                __aeabi_cdcmpeq
                0x0000000008008e68                __aeabi_dcmpeq
                0x0000000008008e7c                __aeabi_dcmplt
                0x0000000008008e90                __aeabi_dcmple
                0x0000000008008ea4                __aeabi_dcmpge
                0x0000000008008eb8                __aeabi_dcmpgt
 .text          0x0000000008008ecc       0x50 /usr/lib/gcc/arm-none-eabi/5.3.0/armv7e-m/softfp/libgcc.a(_arm_fixdfsi.o)
                0x0000000008008ecc                __fixdfsi
                0x0000000008008ecc                __aeabi_d2iz
 .text          0x0000000008008f1c       0x40 /usr/lib/gcc/arm-none-eabi/5.3.0/armv7e-m/softfp/libgcc.a(_arm_fixunsdfsi.o)
                0x0000000008008f1c                __fixunsdfsi
                0x0000000008008f1c                __aeabi_d2uiz
 .text          0x0000000008008f5c       0xa0 /usr/lib/gcc/arm-none-eabi/5.3.0/armv7e-m/softfp/libgcc.a(_arm_truncdfsf2.o)
                0x0000000008008f5c                __aeabi_d2f
                0x0000000008008f5c                __truncdfsf2
 *(.init)
 .init          0x0000000008008ffc        0x4 /usr/lib/gcc/arm-none-eabi/5.3.0/armv7e-m/softfp/crti.o
                0x0000000008008ffc                _init
 .init          0x0000000008009000        0x8 /usr/lib/gcc/arm-none-eabi/5.3.0/armv7e-m/softfp/crtn.o
 *(.fini)
 .fini          0x0000000008009008        0x4 /usr/lib/gcc/arm-none-eabi/5.3.0/armv7e-m/softfp/crti.o
                0x0000000008009008                _fini
 .fini          0x000000000800900c        0x8 /usr/lib/gcc/arm-none-eabi/5.3.0/armv7e-m/softfp/crtn.o
 *crtbegin.o(.ctors)
 *crtbegin?.o(.ctors)
 *(EXCLUDE_FILE(*crtend.o *crtend?.o) .ctors)
 *(SORT(.ctors.*))
 *(.ctors)
 *crtbegin.o(.dtors)
 *crtbegin?.o(.dtors)
 *(EXCLUDE_FILE(*crtend.o *crtend?.o) .dtors)
 *(SORT(.dtors.*))
 *(.dtors)
 *(.rodata*)
 .rodata.str1.1
                0x0000000008009014        0xd main.o
 *fill*         0x0000000008009021        0x3 
 .rodata.str1.4
                0x0000000008009024       0x86 mbed/TARGET_NUCLEO_F401RE/TOOLCHAIN_GCC_ARM/board.o
 *fill*         0x00000000080090aa        0x2 
 .rodata.__stdin_name
                0x00000000080090ac        0x7 mbed/TARGET_NUCLEO_F401RE/TOOLCHAIN_GCC_ARM/retarget.o
                0x00000000080090ac                __stdin_name
 *fill*         0x00000000080090b3        0x1 
 .rodata.__stderr_name
                0x00000000080090b4        0x8 mbed/TARGET_NUCLEO_F401RE/TOOLCHAIN_GCC_ARM/retarget.o
                0x00000000080090b4                __stderr_name
 .rodata.__stdout_name
                0x00000000080090bc        0x8 mbed/TARGET_NUCLEO_F401RE/TOOLCHAIN_GCC_ARM/retarget.o
                0x00000000080090bc                __stdout_name
 *fill*         0x00000000080090c4        0x4 
 .rodata._ZTVN4mbed10FileHandleE
                0x00000000080090c8       0x2c mbed/TARGET_NUCLEO_F401RE/TOOLCHAIN_GCC_ARM/retarget.o
                0x00000000080090c8                vtable for mbed::FileHandle
 .rodata.str1.4
                0x00000000080090f4        0xe mbed/TARGET_NUCLEO_F401RE/TOOLCHAIN_GCC_ARM/retarget.o
 *fill*         0x0000000008009102        0x2 
 .rodata.APBAHBPrescTable
                0x0000000008009104       0x10 mbed/TARGET_NUCLEO_F401RE/TOOLCHAIN_GCC_ARM/stm32f4xx_hal_rcc.o
                0x0000000008009104                APBAHBPrescTable
 .rodata.AHBPrescTable
                0x0000000008009114       0x10 mbed/TARGET_NUCLEO_F401RE/TOOLCHAIN_GCC_ARM/system_stm32f4xx.o
                0x0000000008009114                AHBPrescTable
 .rodata.str1.4
                0x0000000008009124       0xa4 ./mbed/TARGET_NUCLEO_F401RE/TOOLCHAIN_GCC_ARM/libmbed.a(serial_api.o)
 .rodata._ZTVN4mbed6SerialE
                0x00000000080091c8       0x5c ./mbed/TARGET_NUCLEO_F401RE/TOOLCHAIN_GCC_ARM/libmbed.a(Serial.o)
                0x00000000080091c8                vtable for mbed::Serial
 *fill*         0x0000000008009224        0x4 
 .rodata._ZTVN4mbed10SerialBaseE
                0x0000000008009228       0x10 ./mbed/TARGET_NUCLEO_F401RE/TOOLCHAIN_GCC_ARM/libmbed.a(SerialBase.o)
                0x0000000008009228                vtable for mbed::SerialBase
 .rodata._ZTVN4mbed6TickerE
                0x0000000008009238       0x14 ./mbed/TARGET_NUCLEO_F401RE/TOOLCHAIN_GCC_ARM/libmbed.a(Ticker.o)
                0x0000000008009238                vtable for mbed::Ticker
 *fill*         0x000000000800924c        0x4 
 .rodata._ZTVN4mbed6StreamE
                0x0000000008009250       0x44 ./mbed/TARGET_NUCLEO_F401RE/TOOLCHAIN_GCC_ARM/libmbed.a(Stream.o)
                0x0000000008009250                vtable for mbed::Stream
 .rodata.str1.4
                0x0000000008009294        0x3 ./mbed/TARGET_NUCLEO_F401RE/TOOLCHAIN_GCC_ARM/libmbed.a(Stream.o)
                                          0x7 (size before relaxing)
 *fill*         0x0000000008009297        0x1 
 .rodata.str1.4
                0x0000000008009298       0x31 ./mbed/TARGET_NUCLEO_F401RE/TOOLCHAIN_GCC_ARM/libmbed.a(assert.o)
 *fill*         0x00000000080092c9        0x7 
 .rodata._ZTVN4mbed10TimerEventE
                0x00000000080092d0       0x14 ./mbed/TARGET_NUCLEO_F401RE/TOOLCHAIN_GCC_ARM/libmbed.a(TimerEvent.o)
                0x00000000080092d0                vtable for mbed::TimerEvent
 .rodata.str1.4
                0x00000000080092e4       0x86 ./mbed/TARGET_NUCLEO_F401RE/TOOLCHAIN_GCC_ARM/libmbed.a(gpio.o)
 .rodata.str1.4
                0x00000000080092e4       0x66 ./mbed/TARGET_NUCLEO_F401RE/TOOLCHAIN_GCC_ARM/libmbed.a(pinmap_common.o)
 *fill*         0x000000000800934a        0x2 
 .rodata.us_interface
                0x000000000800934c       0x14 ./mbed/TARGET_NUCLEO_F401RE/TOOLCHAIN_GCC_ARM/libmbed.a(us_ticker_api.o)
 .rodata.us_data
                0x0000000008009360        0x8 ./mbed/TARGET_NUCLEO_F401RE/TOOLCHAIN_GCC_ARM/libmbed.a(us_ticker_api.o)
 .rodata.PinMap_I2C_SDA
                0x0000000008009368       0x48 ./mbed/TARGET_NUCLEO_F401RE/TOOLCHAIN_GCC_ARM/libmbed.a(PeripheralPins.o)
                0x0000000008009368                PinMap_I2C_SDA
 .rodata.PinMap_UART_RX
                0x00000000080093b0       0x48 ./mbed/TARGET_NUCLEO_F401RE/TOOLCHAIN_GCC_ARM/libmbed.a(PeripheralPins.o)
                0x00000000080093b0                PinMap_UART_RX
 .rodata.PinMap_I2C_SCL
                0x00000000080093f8       0x3c ./mbed/TARGET_NUCLEO_F401RE/TOOLCHAIN_GCC_ARM/libmbed.a(PeripheralPins.o)
                0x00000000080093f8                PinMap_I2C_SCL
 .rodata.PinMap_UART_TX
                0x0000000008009434       0x48 ./mbed/TARGET_NUCLEO_F401RE/TOOLCHAIN_GCC_ARM/libmbed.a(PeripheralPins.o)
                0x0000000008009434                PinMap_UART_TX
 .rodata.str1.4
                0x000000000800947c       0x7a ./mbed/TARGET_NUCLEO_F401RE/TOOLCHAIN_GCC_ARM/libmbed.a(gpio_api.o)
                                         0x94 (size before relaxing)
 *fill*         0x00000000080094f6        0x2 
 .rodata.gpio_mode
                0x00000000080094f8       0x34 ./mbed/TARGET_NUCLEO_F401RE/TOOLCHAIN_GCC_ARM/libmbed.a(pinmap.o)
 .rodata.str1.4
                0x000000000800952c       0x88 ./mbed/TARGET_NUCLEO_F401RE/TOOLCHAIN_GCC_ARM/libmbed.a(pinmap.o)
                                         0x9c (size before relaxing)
 .rodata.str1.4
                0x00000000080095b4       0x9c ./mbed/TARGET_NUCLEO_F401RE/TOOLCHAIN_GCC_ARM/libmbed.a(i2c_api.o)
 .rodata._ZTVN4mbed8FileBaseE
                0x0000000008009650       0x10 ./mbed/TARGET_NUCLEO_F401RE/TOOLCHAIN_GCC_ARM/libmbed.a(FileBase.o)
                0x0000000008009650                vtable for mbed::FileBase
 .rodata._ZTVN4mbed8FileLikeE
                0x0000000008009660       0x3c ./mbed/TARGET_NUCLEO_F401RE/TOOLCHAIN_GCC_ARM/libmbed.a(FileLike.o)
                0x0000000008009660                vtable for mbed::FileLike
 *fill*         0x000000000800969c        0x4 
 .rodata.atanlo
                0x00000000080096a0       0x20 /usr/lib/gcc/arm-none-eabi/5.3.0/../../../../arm-none-eabi/lib/armv7e-m/softfp/libm.a(lib_a-s_atan.o)
 .rodata.atanhi
                0x00000000080096c0       0x20 /usr/lib/gcc/arm-none-eabi/5.3.0/../../../../arm-none-eabi/lib/armv7e-m/softfp/libm.a(lib_a-s_atan.o)
 .rodata.__sf_fake_stdin
                0x00000000080096e0       0x20 /usr/lib/gcc/arm-none-eabi/5.3.0/../../../../arm-none-eabi/lib/armv7e-m/softfp/libc_nano.a(lib_a-findfp.o)
                0x00000000080096e0                __sf_fake_stdin
 .rodata.__sf_fake_stdout
                0x0000000008009700       0x20 /usr/lib/gcc/arm-none-eabi/5.3.0/../../../../arm-none-eabi/lib/armv7e-m/softfp/libc_nano.a(lib_a-findfp.o)
                0x0000000008009700                __sf_fake_stdout
 .rodata.__sf_fake_stderr
                0x0000000008009720       0x20 /usr/lib/gcc/arm-none-eabi/5.3.0/../../../../arm-none-eabi/lib/armv7e-m/softfp/libc_nano.a(lib_a-findfp.o)
                0x0000000008009720                __sf_fake_stderr
 .rodata.str1.1
                0x0000000008009740        0x2 /usr/lib/gcc/arm-none-eabi/5.3.0/../../../../arm-none-eabi/lib/armv7e-m/softfp/libc_nano.a(lib_a-impure.o)
 *fill*         0x0000000008009742        0x2 
 .rodata._global_impure_ptr
                0x0000000008009744        0x4 /usr/lib/gcc/arm-none-eabi/5.3.0/../../../../arm-none-eabi/lib/armv7e-m/softfp/libc_nano.a(lib_a-impure.o)
                0x0000000008009744                _global_impure_ptr
 .rodata.str1.1
                0x0000000008009748       0x11 /usr/lib/gcc/arm-none-eabi/5.3.0/../../../../arm-none-eabi/lib/armv7e-m/softfp/libc_nano.a(lib_a-nano-vfprintf.o)
 .rodata.str1.1
                0x0000000008009759       0x10 /usr/lib/gcc/arm-none-eabi/5.3.0/../../../../arm-none-eabi/lib/armv7e-m/softfp/libc_nano.a(lib_a-nano-vfprintf_float.o)
                                         0x12 (size before relaxing)
 .rodata.str1.1
                0x0000000008009769       0x22 /usr/lib/gcc/arm-none-eabi/5.3.0/../../../../arm-none-eabi/lib/armv7e-m/softfp/libc_nano.a(lib_a-nano-vfprintf_i.o)
 .rodata.str1.1
                0x000000000800978b        0x5 /usr/lib/gcc/arm-none-eabi/5.3.0/../../../../arm-none-eabi/lib/armv7e-m/softfp/libc_nano.a(lib_a-nano-vfscanf_float.o)
 .rodata        0x0000000008009790        0xc /usr/lib/gcc/arm-none-eabi/5.3.0/../../../../arm-none-eabi/lib/armv7e-m/softfp/libc_nano.a(lib_a-nano-vfscanf_i.o)
 .rodata.str1.1
                0x000000000800979c       0x1b /usr/lib/gcc/arm-none-eabi/5.3.0/../../../../arm-none-eabi/lib/armv7e-m/softfp/libc_nano.a(lib_a-nano-vfscanf_i.o)
 *fill*         0x00000000080097b7        0x1 
 .rodata.__on_exit_args
                0x00000000080097b8        0x4 /usr/lib/gcc/arm-none-eabi/5.3.0/../../../../arm-none-eabi/lib/armv7e-m/softfp/libc_nano.a(lib_a-on_exit_args.o)
                0x00000000080097b8                __on_exit_args
 .rodata.fpi.5345
                0x00000000080097bc       0x14 /usr/lib/gcc/arm-none-eabi/5.3.0/../../../../arm-none-eabi/lib/armv7e-m/softfp/libc_nano.a(lib_a-strtod.o)
 .rodata.str1.1
                0x00000000080097d0       0x1b /usr/lib/gcc/arm-none-eabi/5.3.0/../../../../arm-none-eabi/lib/armv7e-m/softfp/libc_nano.a(lib_a-strtod.o)
                                          0xc (size before relaxing)
 .rodata.fpinan.5381
                0x00000000080097d0       0x14 /usr/lib/gcc/arm-none-eabi/5.3.0/../../../../arm-none-eabi/lib/armv7e-m/softfp/libc_nano.a(lib_a-strtod.o)
 *fill*         0x00000000080097e4        0x4 
 .rodata.tinytens
                0x00000000080097e8       0x28 /usr/lib/gcc/arm-none-eabi/5.3.0/../../../../arm-none-eabi/lib/armv7e-m/softfp/libc_nano.a(lib_a-strtod.o)
 .rodata._ctype_
                0x0000000008009810      0x101 /usr/lib/gcc/arm-none-eabi/5.3.0/../../../../arm-none-eabi/lib/armv7e-m/softfp/libc_nano.a(lib_a-ctype_.o)
                0x0000000008009810                _ctype_
 .rodata.str1.1
                0x0000000008009911        0xd /usr/lib/gcc/arm-none-eabi/5.3.0/../../../../arm-none-eabi/lib/armv7e-m/softfp/libc_nano.a(lib_a-dtoa.o)
                                          0xf (size before relaxing)
 .rodata.str1.1
                0x000000000800991e        0x8 /usr/lib/gcc/arm-none-eabi/5.3.0/../../../../arm-none-eabi/lib/armv7e-m/softfp/libc_nano.a(lib_a-locale.o)
                                          0xb (size before relaxing)
 *fill*         0x0000000008009926        0x2 
 .rodata.__mprec_tens
                0x0000000008009928       0xc8 /usr/lib/gcc/arm-none-eabi/5.3.0/../../../../arm-none-eabi/lib/armv7e-m/softfp/libc_nano.a(lib_a-mprec.o)
                0x0000000008009928                __mprec_tens
 .rodata.__mprec_bigtens
                0x00000000080099f0       0x28 /usr/lib/gcc/arm-none-eabi/5.3.0/../../../../arm-none-eabi/lib/armv7e-m/softfp/libc_nano.a(lib_a-mprec.o)
                0x00000000080099f0                __mprec_bigtens
 .rodata.p05.5389
                0x0000000008009a18        0xc /usr/lib/gcc/arm-none-eabi/5.3.0/../../../../arm-none-eabi/lib/armv7e-m/softfp/libc_nano.a(lib_a-mprec.o)
 .rodata.str1.1
                0x0000000008009a24       0x11 /usr/lib/gcc/arm-none-eabi/5.3.0/../../../../arm-none-eabi/lib/armv7e-m/softfp/libc_nano.a(lib_a-nano-svfprintf.o)
 .rodata.str1.1
                0x0000000008009a24        0x4 /usr/lib/gcc/arm-none-eabi/5.3.0/../../../../arm-none-eabi/lib/armv7e-m/softfp/libc_nano.a(lib_a-nano-svfscanf.o)
 *(.eh_frame*)
 .eh_frame      0x0000000008009a24        0x0 /usr/lib/gcc/arm-none-eabi/5.3.0/armv7e-m/softfp/crtbegin.o
 .eh_frame      0x0000000008009a24        0x4 /usr/lib/gcc/arm-none-eabi/5.3.0/armv7e-m/softfp/crtend.o

.glue_7         0x0000000008009a28        0x0
 .glue_7        0x0000000008009a28        0x0 linker stubs

.glue_7t        0x0000000008009a28        0x0
 .glue_7t       0x0000000008009a28        0x0 linker stubs

.vfp11_veneer   0x0000000008009a28        0x0
 .vfp11_veneer  0x0000000008009a28        0x0 linker stubs

.v4_bx          0x0000000008009a28        0x0
 .v4_bx         0x0000000008009a28        0x0 linker stubs

.iplt           0x0000000008009a28        0x0
 .iplt          0x0000000008009a28        0x0 /usr/lib/gcc/arm-none-eabi/5.3.0/armv7e-m/softfp/crtbegin.o

.ARM.extab
 *(.ARM.extab* .gnu.linkonce.armextab.*)
                0x0000000008009a28                __exidx_start = .

.ARM.exidx      0x0000000008009a28        0x8
 *(.ARM.exidx* .gnu.linkonce.armexidx.*)
 .ARM.exidx     0x0000000008009a28        0x8 /usr/lib/gcc/arm-none-eabi/5.3.0/../../../../arm-none-eabi/lib/armv7e-m/softfp/crt0.o
                0x0000000008009a30                __exidx_end = .
                0x0000000008009a30                __etext = .
                0x0000000008009a30                _sidata = .

.rel.dyn        0x0000000008009a30        0x0
 .rel.iplt      0x0000000008009a30        0x0 /usr/lib/gcc/arm-none-eabi/5.3.0/armv7e-m/softfp/crtbegin.o

.data           0x0000000020000194       0xc0 load address 0x0000000008009a30
                0x0000000020000194                __data_start__ = .
                0x0000000020000194                _sdata = .
 *(vtable)
 *(.data*)
 .data.__dso_handle
                0x0000000020000194        0x4 /usr/lib/gcc/arm-none-eabi/5.3.0/armv7e-m/softfp/crtbegin.o
                0x0000000020000194                __dso_handle
 .data._ZZ5_sbrkE4heap
                0x0000000020000198        0x4 mbed/TARGET_NUCLEO_F401RE/TOOLCHAIN_GCC_ARM/retarget.o
 .data.SystemCoreClock
                0x000000002000019c        0x4 mbed/TARGET_NUCLEO_F401RE/TOOLCHAIN_GCC_ARM/system_stm32f4xx.o
                0x000000002000019c                SystemCoreClock
 .data.impure_data
                0x00000000200001a0       0x60 /usr/lib/gcc/arm-none-eabi/5.3.0/../../../../arm-none-eabi/lib/armv7e-m/softfp/libc_nano.a(lib_a-impure.o)
 .data._impure_ptr
                0x0000000020000200        0x4 /usr/lib/gcc/arm-none-eabi/5.3.0/../../../../arm-none-eabi/lib/armv7e-m/softfp/libc_nano.a(lib_a-impure.o)
                0x0000000020000200                _impure_ptr
 .data.__ctype_ptr__
                0x0000000020000204        0x4 /usr/lib/gcc/arm-none-eabi/5.3.0/../../../../arm-none-eabi/lib/armv7e-m/softfp/libc_nano.a(lib_a-ctype_.o)
                0x0000000020000204                __ctype_ptr__
 .data.lconv    0x0000000020000208       0x38 /usr/lib/gcc/arm-none-eabi/5.3.0/../../../../arm-none-eabi/lib/armv7e-m/softfp/libc_nano.a(lib_a-locale.o)
                0x0000000020000240                . = ALIGN (0x4)
                0x0000000020000240                PROVIDE (__preinit_array_start, .)
 *(.preinit_array)
                0x0000000020000240                PROVIDE (__preinit_array_end, .)
                0x0000000020000240                . = ALIGN (0x4)
                0x0000000020000240                PROVIDE (__init_array_start, .)
 *(SORT(.init_array.*))
 *(.init_array)
 .init_array    0x0000000020000240        0x4 /usr/lib/gcc/arm-none-eabi/5.3.0/armv7e-m/softfp/crtbegin.o
 .init_array    0x0000000020000244        0x4 main.o
 .init_array    0x0000000020000248        0x4 GY80/GY80.o
                0x000000002000024c                PROVIDE (__init_array_end, .)
                0x000000002000024c                . = ALIGN (0x4)
                0x000000002000024c                PROVIDE (__fini_array_start, .)
 *(SORT(.fini_array.*))
 *(.fini_array)
 .fini_array    0x000000002000024c        0x4 /usr/lib/gcc/arm-none-eabi/5.3.0/armv7e-m/softfp/crtbegin.o
                0x0000000020000250                PROVIDE (__fini_array_end, .)
 *(.jcr*)
 .jcr           0x0000000020000250        0x0 /usr/lib/gcc/arm-none-eabi/5.3.0/armv7e-m/softfp/crtbegin.o
 .jcr           0x0000000020000250        0x4 /usr/lib/gcc/arm-none-eabi/5.3.0/armv7e-m/softfp/crtend.o
                0x0000000020000254                . = ALIGN (0x4)
                0x0000000020000254                __data_end__ = .
                0x0000000020000254                _edata = .

.igot.plt       0x0000000020000254        0x0 load address 0x0000000008009af0
 .igot.plt      0x0000000020000254        0x0 /usr/lib/gcc/arm-none-eabi/5.3.0/armv7e-m/softfp/crtbegin.o

.bss            0x0000000020000254      0x6d0 load address 0x0000000008009af0